config  : smoke
profile : workstation
seeds   : [0]

--- 20260922-smoke-s0 ---
  model     : yolov8n.pt
  data      : smoke
  imgsz     : 320
  epochs    : 3
  patience  : 0
  batch     : 8
  workers   : 0
  amp       : False
  device    : cuda (NVIDIA GeForce RTX 4060 Laptop GPU, 8.0 GB)
New https://pypi.org/project/ultralytics/8.4.159 available  Update with 'pip install -U ultralytics'
Ultralytics 8.4.130  Python-3.11.9 torch-2.6.0+cu124 CUDA:0 (NVIDIA GeForce RTX 4060 Laptop GPU, 8188MiB)
[34m[1mengine\trainer: [0magnostic_nms=False, amp=False, angle=1.0, augment=False, auto_augment=randaugment, batch=8, bgr=0.0, box=7.5, cache=False, cfg=None, channels_last=False, classes=None, close_mosaic=0, cls=0.5, cls_pw=0.0, cls_remap=True, compile=False, conf=None, copy_paste=0.0, copy_paste_mode=flip, cos_lr=False, cutmix=0.0, data=D:\[github] - projects\Fish_Detection\runs\20260922-smoke-s0\data.yaml, degrees=0.0, deterministic=True, device=0, dfl=1.5, dgrad=0.5, dis=6.0, distill_model=None, dlam=1.0, dlog=1.0, dnn=False, dropout=0.0, dynamic=False, embed=None, end2end=None, epochs=3, erasing=0.4, exist_ok=True, fliplr=0.5, flipud=0.0, format=torchscript, fraction=1.0, freeze=None, hsv_h=0.015, hsv_s=0.7, hsv_v=0.4, imgsz=320, iou=0.7, keras=False, kobj=1.0, line_width=None, lr0=0.01, lrf=0.01, mask_ratio=4, max_det=300, mixup=0.0, mode=train, model=yolov8n.pt, momentum=0.937, mosaic=1.0, multi_scale=0.0, name=20260922-smoke-s0, nbs=64, nms=False, opset=None, optimize=False, optimizer=auto, overlap_mask=True, patience=0, perspective=0.0, plots=False, pose=12.0, pretrained=True, profile=False, project=D:\[github] - projects\Fish_Detection\runs, quantize=None, rect=False, resume=False, retina_masks=False, rle=1.0, save=True, save_conf=False, save_crop=False, save_dir=D:\[github] - projects\Fish_Detection\runs\20260922-smoke-s0, save_frames=False, save_json=False, save_period=-1, save_txt=False, scale=0.5, seed=0, shear=0.0, show=False, show_boxes=True, show_conf=True, show_labels=True, simplify=True, single_cls=False, source=None, split=val, stream_buffer=False, task=detect, time=None, tracker=tracktrack.yaml, translate=0.1, val=True, verbose=True, vid_stride=1, visualize=False, warmup_bias_lr=0.1, warmup_epochs=3.0, warmup_momentum=0.8, weight_decay=0.0005, workers=0, workspace=None
Overriding model.yaml nc=80 with nc=1

                   from  n    params  module                                       arguments                     
  0                  -1  1       464  ultralytics.nn.modules.conv.Conv             [3, 16, 3, 2]                 
  1                  -1  1      4672  ultralytics.nn.modules.conv.Conv             [16, 32, 3, 2]                
  2                  -1  1      7360  ultralytics.nn.modules.block.C2f             [32, 32, 1, True]             
  3                  -1  1     18560  ultralytics.nn.modules.conv.Conv             [32, 64, 3, 2]                
  4                  -1  2     49664  ultralytics.nn.modules.block.C2f             [64, 64, 2, True]             
  5                  -1  1     73984  ultralytics.nn.modules.conv.Conv             [64, 128, 3, 2]               
  6                  -1  2    197632  ultralytics.nn.modules.block.C2f             [128, 128, 2, True]           
  7                  -1  1    295424  ultralytics.nn.modules.conv.Conv             [128, 256, 3, 2]              
  8                  -1  1    460288  ultralytics.nn.modules.block.C2f             [256, 256, 1, True]           
  9                  -1  1    164608  ultralytics.nn.modules.block.SPPF            [256, 256, 5]                 
 10                  -1  1         0  torch.nn.modules.upsampling.Upsample         [None, 2, 'nearest']          
 11             [-1, 6]  1         0  ultralytics.nn.modules.conv.Concat           [1]                           
 12                  -1  1    148224  ultralytics.nn.modules.block.C2f             [384, 128, 1]                 
 13                  -1  1         0  torch.nn.modules.upsampling.Upsample         [None, 2, 'nearest']          
 14             [-1, 4]  1         0  ultralytics.nn.modules.conv.Concat           [1]                           
 15                  -1  1     37248  ultralytics.nn.modules.block.C2f             [192, 64, 1]                  
 16                  -1  1     36992  ultralytics.nn.modules.conv.Conv             [64, 64, 3, 2]                
 17            [-1, 12]  1         0  ultralytics.nn.modules.conv.Concat           [1]                           
 18                  -1  1    123648  ultralytics.nn.modules.block.C2f             [192, 128, 1]                 
 19                  -1  1    147712  ultralytics.nn.modules.conv.Conv             [128, 128, 3, 2]              
 20             [-1, 9]  1         0  ultralytics.nn.modules.conv.Concat           [1]                           
 21                  -1  1    493056  ultralytics.nn.modules.block.C2f             [384, 256, 1]                 
 22        [15, 18, 21]  1    751507  ultralytics.nn.modules.head.Detect           [1, 16, None, [64, 128, 256]] 
Model summary: 130 layers, 3,011,043 parameters, 3,011,027 gradients, 8.2 GFLOPs

Transferred 319/355 items from pretrained weights
Freezing layer 'model.22.dfl.conv.weight'
[34m[1mtrain: [0mFast image access  (ping: 0.00.0 ms, read: 1526.3576.8 MB/s, size: 140.4 KB)

[K[34m[1mtrain: [0mScanning D:\[github] - projects\Fish_Detection\data\processed\smoke\labels\train.cache... 168 images, 44 backgrounds, 0 corrupt: 100% ━━━━━━━━━━━━ 168/168  0.0s
[34m[1mval: [0mFast image access  (ping: 0.00.0 ms, read: 1762.0462.7 MB/s, size: 162.4 KB)

[K[34m[1mval: [0mScanning D:\[github] - projects\Fish_Detection\data\processed\smoke\labels\val.cache... 72 images, 21 backgrounds, 0 corrupt: 100% ━━━━━━━━━━━━ 72/72  0.0s
[34m[1moptimizer:[0m 'optimizer=auto' found, ignoring 'lr0=0.01' and 'momentum=0.937' and determining best 'optimizer', 'lr0' and 'momentum' automatically... 
[34m[1moptimizer:[0m AdamW(lr=0.002, momentum=0.9) with parameter groups 57 weight(decay=0.0), 64 weight(decay=0.0005), 63 bias(decay=0.0)
Using 168 train, 72 val images for fraction=1.0 at imgsz=320
Using 0 dataloader workers
Logging results to [1mD:\[github] - projects\Fish_Detection\runs\20260922-smoke-s0[0m
Starting training for 3 epochs...

      Epoch    GPU_mem   box_loss   cls_loss   dfl_loss  Instances       Size

[K        1/3     0.473G      2.443      3.877      1.514         28        320: 0% ──────────── 0/21  0.7s
[K        1/3       0.5G      2.224      3.845      1.436         37        320: 4% ╸─────────── 1/21 2.8it/s 0.8s<7.2s
[K        1/3     0.502G      2.303      3.843      1.417         34        320: 9% ━─────────── 2/21 4.8it/s 0.9s<3.9s
[K        1/3     0.504G      2.151      3.815      1.394         30        320: 19% ━━────────── 4/21 6.4it/s 1.1s<2.7s
[K        1/3     0.504G      2.144      3.786      1.346         39        320: 28% ━━━───────── 6/21 7.4it/s 1.3s<2.0s
[K        1/3     0.504G      2.096      3.726      1.347         24        320: 38% ━━━━╸─────── 8/21 8.4it/s 1.5s<1.5s
[K        1/3     0.504G      2.113      3.636      1.333         40        320: 47% ━━━━━╸────── 10/21 9.0it/s 1.7s<1.2s
[K        1/3     0.504G      2.122      3.612      1.334         28        320: 52% ━━━━━━────── 11/21 9.1it/s 1.8s<1.1s
[K        1/3     0.504G      2.164      3.539      1.341         55        320: 61% ━━━━━━━───── 13/21 9.6it/s 2.0s<0.8s
[K        1/3     0.504G      2.151      3.505      1.336         26        320: 66% ━━━━━━━━──── 14/21 9.4it/s 2.1s<0.7s
[K        1/3     0.504G      2.167      3.415      1.342         35        320: 76% ━━━━━━━━━─── 16/21 9.8it/s 2.3s<0.5s
[K        1/3     0.504G      2.153      3.349      1.335         21        320: 80% ━━━━━━━━━╸── 17/21 9.8it/s 2.4s<0.4s
[K        1/3     0.504G      2.182      3.311      1.336         24        320: 85% ━━━━━━━━━━── 18/21 9.8it/s 2.5s<0.3s
[K        1/3     0.504G      2.191      3.258       1.35         21        320: 95% ━━━━━━━━━━━─ 20/21 10.0it/s 2.7s<0.1s
[K        1/3     0.504G      2.191      3.258       1.35         21        320: 100% ━━━━━━━━━━━━ 21/21 7.8it/s 2.7s

[K                 Class     Images  Instances      Box(P          R      mAP50  mAP50-95): 20% ━━────────── 1/5 2.1it/s 0.1s<1.9s
[K                 Class     Images  Instances      Box(P          R      mAP50  mAP50-95): 40% ━━━━╸─────── 2/5 3.9it/s 0.3s<0.8s
[K                 Class     Images  Instances      Box(P          R      mAP50  mAP50-95): 60% ━━━━━━━───── 3/5 5.4it/s 0.4s<0.4s
[K                 Class     Images  Instances      Box(P          R      mAP50  mAP50-95): 80% ━━━━━━━━━╸── 4/5 6.4it/s 0.5s<0.2s
[K                 Class     Images  Instances      Box(P          R      mAP50  mAP50-95): 100% ━━━━━━━━━━━━ 5/5 8.5it/s 0.6s
                   all         72         67    0.00283      0.761    0.00916    0.00375

      Epoch    GPU_mem   box_loss   cls_loss   dfl_loss  Instances       Size

[K        2/3     0.529G        2.3      2.565      1.289         12        320: 4% ╸─────────── 1/21 1.8it/s 0.2s<11.0s
[K        2/3     0.529G      2.172      2.274      1.266         37        320: 14% ━╸────────── 3/21 4.8it/s 0.3s<3.8s
[K        2/3     0.529G      2.203       2.24      1.257         52        320: 23% ━━╸───────── 5/21 7.2it/s 0.5s<2.2s
[K        2/3     0.529G       2.17      2.298       1.26         44        320: 33% ━━━━──────── 7/21 8.4it/s 0.7s<1.7s
[K        2/3     0.531G       2.17      2.295      1.245         36        320: 42% ━━━━━─────── 9/21 9.1it/s 0.9s<1.3s
[K        2/3     0.531G      2.204      2.259       1.26         48        320: 52% ━━━━━━────── 11/21 9.6it/s 1.0s<1.0s
[K        2/3     0.531G      2.246      2.257      1.249         29        320: 61% ━━━━━━━───── 13/21 9.8it/s 1.2s<0.8s
[K        2/3     0.531G      2.235      2.283      1.263         17        320: 71% ━━━━━━━━╸─── 15/21 10.0it/s 1.4s<0.6s
[K        2/3     0.531G       2.25      2.273      1.255         66        320: 80% ━━━━━━━━━╸── 17/21 10.3it/s 1.6s<0.4s
[K        2/3     0.531G      2.232      2.273      1.259         25        320: 90% ━━━━━━━━━━╸─ 19/21 10.5it/s 1.8s<0.2s
[K        2/3     0.531G      2.243      2.252      1.255         66        320: 100% ━━━━━━━━━━━━ 21/21 11.2it/s 1.9s

[K                 Class     Images  Instances      Box(P          R      mAP50  mAP50-95): 20% ━━────────── 1/5 2.7it/s 0.1s<1.5s
[K                 Class     Images  Instances      Box(P          R      mAP50  mAP50-95): 40% ━━━━╸─────── 2/5 4.6it/s 0.2s<0.7s
[K                 Class     Images  Instances      Box(P          R      mAP50  mAP50-95): 60% ━━━━━━━───── 3/5 5.7it/s 0.3s<0.4s
[K                 Class     Images  Instances      Box(P          R      mAP50  mAP50-95): 80% ━━━━━━━━━╸── 4/5 6.9it/s 0.4s<0.1s
[K                 Class     Images  Instances      Box(P          R      mAP50  mAP50-95): 100% ━━━━━━━━━━━━ 5/5 9.8it/s 0.5s
                   all         72         67    0.00227      0.731     0.0118    0.00383

      Epoch    GPU_mem   box_loss   cls_loss   dfl_loss  Instances       Size

[K        3/3     0.553G        2.3      2.127      1.142         53        320: 4% ╸─────────── 1/21 1.6it/s 0.2s<12.3s
[K        3/3     0.553G      2.084      2.217      1.173         19        320: 14% ━╸────────── 3/21 4.8it/s 0.3s<3.7s
[K        3/3     0.553G      2.134      2.202      1.192         29        320: 23% ━━╸───────── 5/21 6.7it/s 0.5s<2.4s
[K        3/3     0.553G      2.179      2.216      1.216         35        320: 33% ━━━━──────── 7/21 8.1it/s 0.7s<1.7s
[K        3/3     0.553G      2.234      2.186      1.232         29        320: 42% ━━━━━─────── 9/21 8.9it/s 0.9s<1.3s
[K        3/3     0.555G      2.217      2.175      1.227         38        320: 52% ━━━━━━────── 11/21 9.5it/s 1.1s<1.1s
[K        3/3     0.555G      2.276      2.202      1.246         48        320: 61% ━━━━━━━───── 13/21 9.8it/s 1.3s<0.8s
[K        3/3     0.555G      2.268        2.2      1.242         25        320: 71% ━━━━━━━━╸─── 15/21 10.2it/s 1.4s<0.6s
[K        3/3     0.555G      2.267      2.181      1.238         49        320: 76% ━━━━━━━━━─── 16/21 10.1it/s 1.5s<0.5s
[K        3/3     0.555G      2.261      2.144      1.235         40        320: 85% ━━━━━━━━━━── 18/21 10.3it/s 1.7s<0.3s
[K        3/3     0.555G      2.296      2.141      1.231         63        320: 95% ━━━━━━━━━━━─ 20/21 10.5it/s 1.9s<0.1s
[K        3/3     0.555G      2.296      2.141      1.231         63        320: 100% ━━━━━━━━━━━━ 21/21 11.0it/s 1.9s

[K                 Class     Images  Instances      Box(P          R      mAP50  mAP50-95): 20% ━━────────── 1/5 2.8it/s 0.1s<1.4s
[K                 Class     Images  Instances      Box(P          R      mAP50  mAP50-95): 40% ━━━━╸─────── 2/5 4.5it/s 0.2s<0.7s
[K                 Class     Images  Instances      Box(P          R      mAP50  mAP50-95): 60% ━━━━━━━───── 3/5 5.8it/s 0.3s<0.3s
[K                 Class     Images  Instances      Box(P          R      mAP50  mAP50-95): 80% ━━━━━━━━━╸── 4/5 6.7it/s 0.5s<0.1s
[K                 Class     Images  Instances      Box(P          R      mAP50  mAP50-95): 100% ━━━━━━━━━━━━ 5/5 9.8it/s 0.5s
                   all         72         67    0.00259      0.821      0.155     0.0457

3 epochs completed in 0.002 hours.
Optimizer stripped from D:\[github] - projects\Fish_Detection\runs\20260922-smoke-s0\weights\last.pt, 6.2MB
Optimizer stripped from D:\[github] - projects\Fish_Detection\runs\20260922-smoke-s0\weights\best.pt, 6.2MB

Validating D:\[github] - projects\Fish_Detection\runs\20260922-smoke-s0\weights\best.pt...
Ultralytics 8.4.130  Python-3.11.9 torch-2.6.0+cu124 CUDA:0 (NVIDIA GeForce RTX 4060 Laptop GPU, 8188MiB)
Model summary (fused): 73 layers, 3,005,843 parameters, 0 gradients, 8.1 GFLOPs

[K                 Class     Images  Instances      Box(P          R      mAP50  mAP50-95): 20% ━━────────── 1/5 2.7it/s 0.1s<1.5s
[K                 Class     Images  Instances      Box(P          R      mAP50  mAP50-95): 40% ━━━━╸─────── 2/5 4.5it/s 0.2s<0.7s
[K                 Class     Images  Instances      Box(P          R      mAP50  mAP50-95): 60% ━━━━━━━───── 3/5 6.0it/s 0.3s<0.3s
[K                 Class     Images  Instances      Box(P          R      mAP50  mAP50-95): 80% ━━━━━━━━━╸── 4/5 6.9it/s 0.4s<0.1s
[K                 Class     Images  Instances      Box(P          R      mAP50  mAP50-95): 100% ━━━━━━━━━━━━ 5/5 9.9it/s 0.5s
                   all         72         67    0.00259      0.821      0.155     0.0457
Speed: 0.1ms preprocess, 0.9ms inference, 0.0ms loss, 0.6ms postprocess per image

  metrics: {"map50": 0.15547685106339593, "map50_95": 0.04574209762385897, "precision": 0.0025926275101348165, "recall": 0.8208955223880597, "seed": 0}
  written: runs/20260922-smoke-s0
