&&&& RUNNING TensorRT.trtexec [TensorRT v100300] # /usr/src/tensorrt/bin/trtexec --loadEngine=engines/20260923-yolov8n-960-s2-544x960-fp16.engine --duration=20 --warmUp=500 --avgRuns=10
[10/04/2026-13:35:38] [I] === Model Options ===
[10/04/2026-13:35:38] [I] Format: *
[10/04/2026-13:35:38] [I] Model: 
[10/04/2026-13:35:38] [I] Output:
[10/04/2026-13:35:38] [I] 
[10/04/2026-13:35:38] [I] === System Options ===
[10/04/2026-13:35:38] [I] Device: 0
[10/04/2026-13:35:38] [I] DLACore: 
[10/04/2026-13:35:38] [I] Plugins:
[10/04/2026-13:35:38] [I] setPluginsToSerialize:
[10/04/2026-13:35:38] [I] dynamicPlugins:
[10/04/2026-13:35:38] [I] ignoreParsedPluginLibs: 0
[10/04/2026-13:35:38] [I] 
[10/04/2026-13:35:38] [I] === Inference Options ===
[10/04/2026-13:35:38] [I] Batch: Explicit
[10/04/2026-13:35:38] [I] Input inference shapes: model
[10/04/2026-13:35:38] [I] Iterations: 10
[10/04/2026-13:35:38] [I] Duration: 20s (+ 500ms warm up)
[10/04/2026-13:35:38] [I] Sleep time: 0ms
[10/04/2026-13:35:38] [I] Idle time: 0ms
[10/04/2026-13:35:38] [I] Inference Streams: 1
[10/04/2026-13:35:38] [I] ExposeDMA: Disabled
[10/04/2026-13:35:38] [I] Data transfers: Enabled
[10/04/2026-13:35:38] [I] Spin-wait: Disabled
[10/04/2026-13:35:38] [I] Multithreading: Disabled
[10/04/2026-13:35:38] [I] CUDA Graph: Disabled
[10/04/2026-13:35:38] [I] Separate profiling: Disabled
[10/04/2026-13:35:38] [I] Time Deserialize: Disabled
[10/04/2026-13:35:38] [I] Time Refit: Disabled
[10/04/2026-13:35:38] [I] NVTX verbosity: 0
[10/04/2026-13:35:38] [I] Persistent Cache Ratio: 0
[10/04/2026-13:35:38] [I] Optimization Profile Index: 0
[10/04/2026-13:35:38] [I] Weight Streaming Budget: 100.000000%
[10/04/2026-13:35:38] [I] Inputs:
[10/04/2026-13:35:38] [I] Debug Tensor Save Destinations:
[10/04/2026-13:35:38] [I] === Reporting Options ===
[10/04/2026-13:35:38] [I] Verbose: Disabled
[10/04/2026-13:35:38] [I] Averages: 10 inferences
[10/04/2026-13:35:38] [I] Percentiles: 90,95,99
[10/04/2026-13:35:38] [I] Dump refittable layers:Disabled
[10/04/2026-13:35:38] [I] Dump output: Disabled
[10/04/2026-13:35:38] [I] Profile: Disabled
[10/04/2026-13:35:38] [I] Export timing to JSON file: 
[10/04/2026-13:35:38] [I] Export output to JSON file: 
[10/04/2026-13:35:38] [I] Export profile to JSON file: 
[10/04/2026-13:35:38] [I] 
[10/04/2026-13:35:38] [I] === Device Information ===
[10/04/2026-13:35:38] [I] Available Devices: 
[10/04/2026-13:35:38] [I]   Device 0: "Orin" UUID: GPU-45d5c37b-d127-5f20-ae29-4ffb11b0b0ca
[10/04/2026-13:35:38] [I] Selected Device: Orin
[10/04/2026-13:35:38] [I] Selected Device ID: 0
[10/04/2026-13:35:38] [I] Selected Device UUID: GPU-45d5c37b-d127-5f20-ae29-4ffb11b0b0ca
[10/04/2026-13:35:38] [I] Compute Capability: 8.7
[10/04/2026-13:35:38] [I] SMs: 8
[10/04/2026-13:35:38] [I] Device Global Memory: 7619 MiB
[10/04/2026-13:35:38] [I] Shared Memory per SM: 164 KiB
[10/04/2026-13:35:38] [I] Memory Bus Width: 128 bits (ECC disabled)
[10/04/2026-13:35:38] [I] Application Compute Clock Rate: 1.02 GHz
[10/04/2026-13:35:38] [I] Application Memory Clock Rate: 0.918 GHz
[10/04/2026-13:35:38] [I] 
[10/04/2026-13:35:38] [I] Note: The application clock rates do not reflect the actual clock rates that the GPU is currently running at.
[10/04/2026-13:35:38] [I] 
[10/04/2026-13:35:38] [I] TensorRT version: 10.3.0
[10/04/2026-13:35:38] [I] Loading standard plugins
[10/04/2026-13:35:38] [I] [TRT] Loaded engine size: 8 MiB
[10/04/2026-13:35:38] [I] Engine deserialized in 0.0754438 sec.
[10/04/2026-13:35:38] [I] [TRT] [MemUsageChange] TensorRT-managed allocation in IExecutionContext creation: CPU +0, GPU +11, now: CPU 0, GPU 16 (MiB)
[10/04/2026-13:35:38] [I] Setting persistentCacheLimit to 0 bytes.
[10/04/2026-13:35:38] [I] Created execution context with device memory size: 11.0234 MiB
[10/04/2026-13:35:38] [I] Using random values for input images
[10/04/2026-13:35:38] [I] Input binding for images with dimensions 1x3x544x960 is created.
[10/04/2026-13:35:38] [I] Output binding for output0 with dimensions 1x5x10710 is created.
[10/04/2026-13:35:38] [I] Starting inference
[10/04/2026-13:35:58] [I] Warmup completed 102 queries over 500 ms
[10/04/2026-13:35:58] [I] Timing trace has 4575 queries over 20.0122 s
[10/04/2026-13:35:58] [I] 
[10/04/2026-13:35:58] [I] === Trace details ===
[10/04/2026-13:35:58] [I] Trace averages of 10 runs:
[10/04/2026-13:35:58] [I] Average on 10 runs - GPU latency: 4.37215 ms - Host latency: 4.79166 ms (enqueue 3.0365 ms)
[10/04/2026-13:35:58] [I] Average on 10 runs - GPU latency: 4.36898 ms - Host latency: 4.78729 ms (enqueue 2.97761 ms)
[10/04/2026-13:35:58] [I] Average on 10 runs - GPU latency: 4.3687 ms - Host latency: 4.78948 ms (enqueue 3.0605 ms)
[10/04/2026-13:35:58] [I] Average on 10 runs - GPU latency: 4.36981 ms - Host latency: 4.78729 ms (enqueue 3.01871 ms)
[10/04/2026-13:35:58] [I] Average on 10 runs - GPU latency: 4.38043 ms - Host latency: 4.80228 ms (enqueue 3.03339 ms)
[10/04/2026-13:35:58] [I] Average on 10 runs - GPU latency: 4.36948 ms - Host latency: 4.7863 ms (enqueue 3.03592 ms)
[10/04/2026-13:35:58] [I] Average on 10 runs - GPU latency: 4.37013 ms - Host latency: 4.78784 ms (enqueue 3.00306 ms)
[10/04/2026-13:35:58] [I] Average on 10 runs - GPU latency: 4.3708 ms - Host latency: 4.78936 ms (enqueue 3.00818 ms)
[10/04/2026-13:35:58] [I] Average on 10 runs - GPU latency: 4.36929 ms - Host latency: 4.78942 ms (enqueue 3.04752 ms)
[10/04/2026-13:35:58] [I] Average on 10 runs - GPU latency: 4.3715 ms - Host latency: 4.79181 ms (enqueue 3.04849 ms)
[10/04/2026-13:35:58] [I] Average on 10 runs - GPU latency: 4.3682 ms - Host latency: 4.78734 ms (enqueue 3.0498 ms)
[10/04/2026-13:35:58] [I] Average on 10 runs - GPU latency: 4.37178 ms - Host latency: 4.79041 ms (enqueue 3.03796 ms)
[10/04/2026-13:35:58] [I] Average on 10 runs - GPU latency: 4.37133 ms - Host latency: 4.78743 ms (enqueue 3.00736 ms)
[10/04/2026-13:35:58] [I] Average on 10 runs - GPU latency: 4.3708 ms - Host latency: 4.79078 ms (enqueue 3.03284 ms)
[10/04/2026-13:35:58] [I] Average on 10 runs - GPU latency: 4.37267 ms - Host latency: 4.79034 ms (enqueue 3.03828 ms)
[10/04/2026-13:35:58] [I] Average on 10 runs - GPU latency: 4.36781 ms - Host latency: 4.78695 ms (enqueue 3.00425 ms)
[10/04/2026-13:35:58] [I] Average on 10 runs - GPU latency: 4.37067 ms - Host latency: 4.78732 ms (enqueue 3.03337 ms)
[10/04/2026-13:35:58] [I] Average on 10 runs - GPU latency: 4.36895 ms - Host latency: 4.78683 ms (enqueue 3.00566 ms)
[10/04/2026-13:35:58] [I] Average on 10 runs - GPU latency: 4.36953 ms - Host latency: 4.78801 ms (enqueue 2.99644 ms)
[10/04/2026-13:35:58] [I] Average on 10 runs - GPU latency: 4.37272 ms - Host latency: 4.79182 ms (enqueue 3.00343 ms)
[10/04/2026-13:35:58] [I] Average on 10 runs - GPU latency: 4.36974 ms - Host latency: 4.78706 ms (enqueue 3.02594 ms)
[10/04/2026-13:35:58] [I] Average on 10 runs - GPU latency: 4.37297 ms - Host latency: 4.79362 ms (enqueue 3.03392 ms)
[10/04/2026-13:35:58] [I] Average on 10 runs - GPU latency: 4.37059 ms - Host latency: 4.78796 ms (enqueue 3.01375 ms)
[10/04/2026-13:35:58] [I] Average on 10 runs - GPU latency: 4.3694 ms - Host latency: 4.78673 ms (enqueue 3.02355 ms)
[10/04/2026-13:35:58] [I] Average on 10 runs - GPU latency: 4.36776 ms - Host latency: 4.78676 ms (enqueue 3.01392 ms)
[10/04/2026-13:35:58] [I] Average on 10 runs - GPU latency: 4.37004 ms - Host latency: 4.78892 ms (enqueue 3.05911 ms)
[10/04/2026-13:35:58] [I] Average on 10 runs - GPU latency: 4.3728 ms - Host latency: 4.79249 ms (enqueue 3.03887 ms)
[10/04/2026-13:35:58] [I] Average on 10 runs - GPU latency: 4.37249 ms - Host latency: 4.7903 ms (enqueue 3.04889 ms)
[10/04/2026-13:35:58] [I] Average on 10 runs - GPU latency: 4.36903 ms - Host latency: 4.7875 ms (enqueue 3.06425 ms)
[10/04/2026-13:35:58] [I] Average on 10 runs - GPU latency: 4.36921 ms - Host latency: 4.78868 ms (enqueue 3.03055 ms)
[10/04/2026-13:35:58] [I] Average on 10 runs - GPU latency: 4.36908 ms - Host latency: 4.78737 ms (enqueue 2.99673 ms)
[10/04/2026-13:35:58] [I] Average on 10 runs - GPU latency: 4.37187 ms - Host latency: 4.79182 ms (enqueue 3.03132 ms)
[10/04/2026-13:35:58] [I] Average on 10 runs - GPU latency: 4.36832 ms - Host latency: 4.78843 ms (enqueue 3.02582 ms)
[10/04/2026-13:35:58] [I] Average on 10 runs - GPU latency: 4.37285 ms - Host latency: 4.79237 ms (enqueue 2.99949 ms)
[10/04/2026-13:35:58] [I] Average on 10 runs - GPU latency: 4.37159 ms - Host latency: 4.79043 ms (enqueue 3.026 ms)
[10/04/2026-13:35:58] [I] Average on 10 runs - GPU latency: 4.37207 ms - Host latency: 4.79023 ms (enqueue 3.02063 ms)
[10/04/2026-13:35:58] [I] Average on 10 runs - GPU latency: 4.3699 ms - Host latency: 4.78784 ms (enqueue 2.997 ms)
[10/04/2026-13:35:58] [I] Average on 10 runs - GPU latency: 4.3688 ms - Host latency: 4.78701 ms (enqueue 3.00383 ms)
[10/04/2026-13:35:58] [I] Average on 10 runs - GPU latency: 4.3708 ms - Host latency: 4.7874 ms (enqueue 3.00022 ms)
[10/04/2026-13:35:58] [I] Average on 10 runs - GPU latency: 4.36997 ms - Host latency: 4.78899 ms (enqueue 3.04309 ms)
[10/04/2026-13:35:58] [I] Average on 10 runs - GPU latency: 4.37239 ms - Host latency: 4.79172 ms (enqueue 3.02769 ms)
[10/04/2026-13:35:58] [I] Average on 10 runs - GPU latency: 4.36853 ms - Host latency: 4.78286 ms (enqueue 3.01941 ms)
[10/04/2026-13:35:58] [I] Average on 10 runs - GPU latency: 4.37117 ms - Host latency: 4.78979 ms (enqueue 3.02036 ms)
[10/04/2026-13:35:58] [I] Average on 10 runs - GPU latency: 4.36965 ms - Host latency: 4.78887 ms (enqueue 3.03262 ms)
[10/04/2026-13:35:58] [I] Average on 10 runs - GPU latency: 4.37114 ms - Host latency: 4.79143 ms (enqueue 2.99407 ms)
[10/04/2026-13:35:58] [I] Average on 10 runs - GPU latency: 4.37075 ms - Host latency: 4.78892 ms (enqueue 3.02173 ms)
[10/04/2026-13:35:58] [I] Average on 10 runs - GPU latency: 4.3689 ms - Host latency: 4.78726 ms (enqueue 3.0022 ms)
[10/04/2026-13:35:58] [I] Average on 10 runs - GPU latency: 4.36819 ms - Host latency: 4.78599 ms (enqueue 3.02466 ms)
[10/04/2026-13:35:58] [I] Average on 10 runs - GPU latency: 4.37017 ms - Host latency: 4.79109 ms (enqueue 3.04768 ms)
[10/04/2026-13:35:58] [I] Average on 10 runs - GPU latency: 4.37166 ms - Host latency: 4.7894 ms (enqueue 3.03342 ms)
[10/04/2026-13:35:58] [I] Average on 10 runs - GPU latency: 4.37024 ms - Host latency: 4.78994 ms (enqueue 3.03215 ms)
[10/04/2026-13:35:58] [I] Average on 10 runs - GPU latency: 4.36931 ms - Host latency: 4.78857 ms (enqueue 3.04775 ms)
[10/04/2026-13:35:58] [I] Average on 10 runs - GPU latency: 4.37166 ms - Host latency: 4.79143 ms (enqueue 3.01545 ms)
[10/04/2026-13:35:58] [I] Average on 10 runs - GPU latency: 4.36929 ms - Host latency: 4.78665 ms (enqueue 3.01462 ms)
[10/04/2026-13:35:58] [I] Average on 10 runs - GPU latency: 4.36897 ms - Host latency: 4.78674 ms (enqueue 3.01458 ms)
[10/04/2026-13:35:58] [I] Average on 10 runs - GPU latency: 4.36853 ms - Host latency: 4.78733 ms (enqueue 2.9875 ms)
[10/04/2026-13:35:58] [I] Average on 10 runs - GPU latency: 4.37136 ms - Host latency: 4.79014 ms (enqueue 2.99597 ms)
[10/04/2026-13:35:58] [I] Average on 10 runs - GPU latency: 4.36936 ms - Host latency: 4.78923 ms (enqueue 3.02141 ms)
[10/04/2026-13:35:58] [I] Average on 10 runs - GPU latency: 4.37234 ms - Host latency: 4.79155 ms (enqueue 3.02461 ms)
[10/04/2026-13:35:58] [I] Average on 10 runs - GPU latency: 4.3699 ms - Host latency: 4.78916 ms (enqueue 3.01655 ms)
[10/04/2026-13:35:58] [I] Average on 10 runs - GPU latency: 4.36887 ms - Host latency: 4.78726 ms (enqueue 2.98257 ms)
[10/04/2026-13:35:58] [I] Average on 10 runs - GPU latency: 4.37046 ms - Host latency: 4.78784 ms (enqueue 3.02329 ms)
[10/04/2026-13:35:58] [I] Average on 10 runs - GPU latency: 4.37004 ms - Host latency: 4.78804 ms (enqueue 3.03076 ms)
[10/04/2026-13:35:58] [I] Average on 10 runs - GPU latency: 4.3697 ms - Host latency: 4.7887 ms (enqueue 2.99521 ms)
[10/04/2026-13:35:58] [I] Average on 10 runs - GPU latency: 4.37209 ms - Host latency: 4.79204 ms (enqueue 2.98569 ms)
[10/04/2026-13:35:58] [I] Average on 10 runs - GPU latency: 4.36873 ms - Host latency: 4.78674 ms (enqueue 3.03416 ms)
[10/04/2026-13:35:58] [I] Average on 10 runs - GPU latency: 4.37151 ms - Host latency: 4.79194 ms (enqueue 3.02927 ms)
[10/04/2026-13:35:58] [I] Average on 10 runs - GPU latency: 4.37205 ms - Host latency: 4.79216 ms (enqueue 3.03406 ms)
[10/04/2026-13:35:58] [I] Average on 10 runs - GPU latency: 4.37031 ms - Host latency: 4.78743 ms (enqueue 3.01851 ms)
[10/04/2026-13:35:58] [I] Average on 10 runs - GPU latency: 4.36943 ms - Host latency: 4.78901 ms (enqueue 3.02883 ms)
[10/04/2026-13:35:58] [I] Average on 10 runs - GPU latency: 4.37153 ms - Host latency: 4.78926 ms (enqueue 3.0199 ms)
[10/04/2026-13:35:58] [I] Average on 10 runs - GPU latency: 4.36758 ms - Host latency: 4.78611 ms (enqueue 3.02087 ms)
[10/04/2026-13:35:58] [I] Average on 10 runs - GPU latency: 4.37117 ms - Host latency: 4.78889 ms (enqueue 3.01453 ms)
[10/04/2026-13:35:58] [I] Average on 10 runs - GPU latency: 4.37031 ms - Host latency: 4.78889 ms (enqueue 3.06287 ms)
[10/04/2026-13:35:58] [I] Average on 10 runs - GPU latency: 4.36919 ms - Host latency: 4.78667 ms (enqueue 3.04172 ms)
[10/04/2026-13:35:58] [I] Average on 10 runs - GPU latency: 4.36841 ms - Host latency: 4.78867 ms (enqueue 3.01636 ms)
[10/04/2026-13:35:58] [I] Average on 10 runs - GPU latency: 4.37107 ms - Host latency: 4.7906 ms (enqueue 3.0293 ms)
[10/04/2026-13:35:58] [I] Average on 10 runs - GPU latency: 4.36846 ms - Host latency: 4.78608 ms (enqueue 3.05325 ms)
[10/04/2026-13:35:58] [I] Average on 10 runs - GPU latency: 4.37156 ms - Host latency: 4.79058 ms (enqueue 2.99758 ms)
[10/04/2026-13:35:58] [I] Average on 10 runs - GPU latency: 4.37217 ms - Host latency: 4.7915 ms (enqueue 3.03892 ms)
[10/04/2026-13:35:58] [I] Average on 10 runs - GPU latency: 4.37131 ms - Host latency: 4.78943 ms (enqueue 3.01223 ms)
[10/04/2026-13:35:58] [I] Average on 10 runs - GPU latency: 4.3718 ms - Host latency: 4.7906 ms (enqueue 3.03105 ms)
[10/04/2026-13:35:58] [I] Average on 10 runs - GPU latency: 4.37195 ms - Host latency: 4.79011 ms (enqueue 3.00752 ms)
[10/04/2026-13:35:58] [I] Average on 10 runs - GPU latency: 4.37134 ms - Host latency: 4.78774 ms (enqueue 3.01523 ms)
[10/04/2026-13:35:58] [I] Average on 10 runs - GPU latency: 4.37339 ms - Host latency: 4.79365 ms (enqueue 3.02266 ms)
[10/04/2026-13:35:58] [I] Average on 10 runs - GPU latency: 4.36992 ms - Host latency: 4.78853 ms (enqueue 3.02388 ms)
[10/04/2026-13:35:58] [I] Average on 10 runs - GPU latency: 4.37056 ms - Host latency: 4.78784 ms (enqueue 3.01753 ms)
[10/04/2026-13:35:58] [I] Average on 10 runs - GPU latency: 4.36899 ms - Host latency: 4.78579 ms (enqueue 3.0314 ms)
[10/04/2026-13:35:58] [I] Average on 10 runs - GPU latency: 4.37212 ms - Host latency: 4.79209 ms (enqueue 3.03364 ms)
[10/04/2026-13:35:58] [I] Average on 10 runs - GPU latency: 4.36689 ms - Host latency: 4.78579 ms (enqueue 3.02769 ms)
[10/04/2026-13:35:58] [I] Average on 10 runs - GPU latency: 4.37021 ms - Host latency: 4.78906 ms (enqueue 2.99731 ms)
[10/04/2026-13:35:58] [I] Average on 10 runs - GPU latency: 4.36914 ms - Host latency: 4.78774 ms (enqueue 3.04111 ms)
[10/04/2026-13:35:58] [I] Average on 10 runs - GPU latency: 4.37002 ms - Host latency: 4.78936 ms (enqueue 2.99673 ms)
[10/04/2026-13:35:58] [I] Average on 10 runs - GPU latency: 4.36655 ms - Host latency: 4.78325 ms (enqueue 3.00435 ms)
[10/04/2026-13:35:58] [I] Average on 10 runs - GPU latency: 4.371 ms - Host latency: 4.79136 ms (enqueue 3.0187 ms)
[10/04/2026-13:35:58] [I] Average on 10 runs - GPU latency: 4.37285 ms - Host latency: 4.79204 ms (enqueue 3.04058 ms)
[10/04/2026-13:35:58] [I] Average on 10 runs - GPU latency: 4.37153 ms - Host latency: 4.79141 ms (enqueue 3.06045 ms)
[10/04/2026-13:35:58] [I] Average on 10 runs - GPU latency: 4.37256 ms - Host latency: 4.79121 ms (enqueue 3.03652 ms)
[10/04/2026-13:35:58] [I] Average on 10 runs - GPU latency: 4.37051 ms - Host latency: 4.78931 ms (enqueue 3.08516 ms)
[10/04/2026-13:35:58] [I] Average on 10 runs - GPU latency: 4.37319 ms - Host latency: 4.7916 ms (enqueue 3.03828 ms)
[10/04/2026-13:35:58] [I] Average on 10 runs - GPU latency: 4.36836 ms - Host latency: 4.78657 ms (enqueue 3.04766 ms)
[10/04/2026-13:35:58] [I] Average on 10 runs - GPU latency: 4.36943 ms - Host latency: 4.78594 ms (enqueue 3.03135 ms)
[10/04/2026-13:35:58] [I] Average on 10 runs - GPU latency: 4.36816 ms - Host latency: 4.78789 ms (enqueue 3.0481 ms)
[10/04/2026-13:35:58] [I] Average on 10 runs - GPU latency: 4.37065 ms - Host latency: 4.78833 ms (enqueue 3.04658 ms)
[10/04/2026-13:35:58] [I] Average on 10 runs - GPU latency: 4.371 ms - Host latency: 4.79004 ms (enqueue 3.03232 ms)
[10/04/2026-13:35:58] [I] Average on 10 runs - GPU latency: 4.37251 ms - Host latency: 4.79238 ms (enqueue 3.03765 ms)
[10/04/2026-13:35:58] [I] Average on 10 runs - GPU latency: 4.37295 ms - Host latency: 4.79292 ms (enqueue 3.01875 ms)
[10/04/2026-13:35:58] [I] Average on 10 runs - GPU latency: 4.37036 ms - Host latency: 4.78794 ms (enqueue 3.03784 ms)
[10/04/2026-13:35:58] [I] Average on 10 runs - GPU latency: 4.37217 ms - Host latency: 4.78999 ms (enqueue 2.99971 ms)
[10/04/2026-13:35:58] [I] Average on 10 runs - GPU latency: 4.3727 ms - Host latency: 4.79033 ms (enqueue 3.03491 ms)
[10/04/2026-13:35:58] [I] Average on 10 runs - GPU latency: 4.37114 ms - Host latency: 4.78896 ms (enqueue 2.98677 ms)
[10/04/2026-13:35:58] [I] Average on 10 runs - GPU latency: 4.37061 ms - Host latency: 4.78999 ms (enqueue 2.99272 ms)
[10/04/2026-13:35:58] [I] Average on 10 runs - GPU latency: 4.37554 ms - Host latency: 4.79458 ms (enqueue 3.0291 ms)
[10/04/2026-13:35:58] [I] Average on 10 runs - GPU latency: 4.37148 ms - Host latency: 4.78989 ms (enqueue 3.02827 ms)
[10/04/2026-13:35:58] [I] Average on 10 runs - GPU latency: 4.37021 ms - Host latency: 4.79019 ms (enqueue 3.01455 ms)
[10/04/2026-13:35:58] [I] Average on 10 runs - GPU latency: 4.37227 ms - Host latency: 4.78989 ms (enqueue 3.03359 ms)
[10/04/2026-13:35:58] [I] Average on 10 runs - GPU latency: 4.37065 ms - Host latency: 4.78896 ms (enqueue 3.01953 ms)
[10/04/2026-13:35:58] [I] Average on 10 runs - GPU latency: 4.37207 ms - Host latency: 4.79141 ms (enqueue 3.01626 ms)
[10/04/2026-13:35:58] [I] Average on 10 runs - GPU latency: 4.37095 ms - Host latency: 4.79053 ms (enqueue 3.0374 ms)
[10/04/2026-13:35:58] [I] Average on 10 runs - GPU latency: 4.36934 ms - Host latency: 4.78672 ms (enqueue 3.05356 ms)
[10/04/2026-13:35:58] [I] Average on 10 runs - GPU latency: 4.37046 ms - Host latency: 4.78828 ms (enqueue 3.04185 ms)
[10/04/2026-13:35:58] [I] Average on 10 runs - GPU latency: 4.37139 ms - Host latency: 4.78794 ms (enqueue 3.00649 ms)
[10/04/2026-13:35:58] [I] Average on 10 runs - GPU latency: 4.37139 ms - Host latency: 4.79019 ms (enqueue 3.05718 ms)
[10/04/2026-13:35:58] [I] Average on 10 runs - GPU latency: 4.37007 ms - Host latency: 4.78857 ms (enqueue 3.01538 ms)
[10/04/2026-13:35:58] [I] Average on 10 runs - GPU latency: 4.37026 ms - Host latency: 4.79033 ms (enqueue 2.98042 ms)
[10/04/2026-13:35:58] [I] Average on 10 runs - GPU latency: 4.37305 ms - Host latency: 4.79297 ms (enqueue 3.0376 ms)
[10/04/2026-13:35:58] [I] Average on 10 runs - GPU latency: 4.37095 ms - Host latency: 4.78975 ms (enqueue 3.03628 ms)
[10/04/2026-13:35:58] [I] Average on 10 runs - GPU latency: 4.37261 ms - Host latency: 4.79033 ms (enqueue 3.00273 ms)
[10/04/2026-13:35:58] [I] Average on 10 runs - GPU latency: 4.37017 ms - Host latency: 4.78857 ms (enqueue 3.01357 ms)
[10/04/2026-13:35:58] [I] Average on 10 runs - GPU latency: 4.36802 ms - Host latency: 4.78022 ms (enqueue 2.97734 ms)
[10/04/2026-13:35:58] [I] Average on 10 runs - GPU latency: 4.36807 ms - Host latency: 4.77187 ms (enqueue 3.03105 ms)
[10/04/2026-13:35:58] [I] Average on 10 runs - GPU latency: 4.3646 ms - Host latency: 4.7689 ms (enqueue 3.02573 ms)
[10/04/2026-13:35:58] [I] Average on 10 runs - GPU latency: 4.36455 ms - Host latency: 4.76709 ms (enqueue 3.02275 ms)
[10/04/2026-13:35:58] [I] Average on 10 runs - GPU latency: 4.36641 ms - Host latency: 4.76602 ms (enqueue 3.02178 ms)
[10/04/2026-13:35:58] [I] Average on 10 runs - GPU latency: 4.36343 ms - Host latency: 4.76235 ms (enqueue 3.02769 ms)
[10/04/2026-13:35:58] [I] Average on 10 runs - GPU latency: 4.36719 ms - Host latency: 4.76665 ms (enqueue 2.99639 ms)
[10/04/2026-13:35:58] [I] Average on 10 runs - GPU latency: 4.36641 ms - Host latency: 4.76631 ms (enqueue 3.01064 ms)
[10/04/2026-13:35:58] [I] Average on 10 runs - GPU latency: 4.36382 ms - Host latency: 4.76743 ms (enqueue 2.96826 ms)
[10/04/2026-13:35:58] [I] Average on 10 runs - GPU latency: 4.36777 ms - Host latency: 4.76743 ms (enqueue 2.99399 ms)
[10/04/2026-13:35:58] [I] Average on 10 runs - GPU latency: 4.36489 ms - Host latency: 4.76777 ms (enqueue 3.01206 ms)
[10/04/2026-13:35:58] [I] Average on 10 runs - GPU latency: 4.37065 ms - Host latency: 4.78979 ms (enqueue 3.01919 ms)
[10/04/2026-13:35:58] [I] Average on 10 runs - GPU latency: 4.36997 ms - Host latency: 4.79038 ms (enqueue 3.01997 ms)
[10/04/2026-13:35:58] [I] Average on 10 runs - GPU latency: 4.36895 ms - Host latency: 4.78833 ms (enqueue 3.04126 ms)
[10/04/2026-13:35:58] [I] Average on 10 runs - GPU latency: 4.36997 ms - Host latency: 4.78926 ms (enqueue 2.99624 ms)
[10/04/2026-13:35:58] [I] Average on 10 runs - GPU latency: 4.37109 ms - Host latency: 4.78906 ms (enqueue 3.01099 ms)
[10/04/2026-13:35:58] [I] Average on 10 runs - GPU latency: 4.37207 ms - Host latency: 4.79136 ms (enqueue 3.04634 ms)
[10/04/2026-13:35:58] [I] Average on 10 runs - GPU latency: 4.36787 ms - Host latency: 4.78687 ms (enqueue 3.03979 ms)
[10/04/2026-13:35:58] [I] Average on 10 runs - GPU latency: 4.37046 ms - Host latency: 4.78765 ms (enqueue 3.04219 ms)
[10/04/2026-13:35:58] [I] Average on 10 runs - GPU latency: 4.36841 ms - Host latency: 4.78452 ms (enqueue 3.04858 ms)
[10/04/2026-13:35:58] [I] Average on 10 runs - GPU latency: 4.36987 ms - Host latency: 4.78779 ms (enqueue 3.0648 ms)
[10/04/2026-13:35:58] [I] Average on 10 runs - GPU latency: 4.3707 ms - Host latency: 4.78779 ms (enqueue 3.03301 ms)
[10/04/2026-13:35:58] [I] Average on 10 runs - GPU latency: 4.37344 ms - Host latency: 4.79077 ms (enqueue 3.00947 ms)
[10/04/2026-13:35:58] [I] Average on 10 runs - GPU latency: 4.36899 ms - Host latency: 4.78765 ms (enqueue 3.0187 ms)
[10/04/2026-13:35:58] [I] Average on 10 runs - GPU latency: 4.37148 ms - Host latency: 4.78735 ms (enqueue 3.01792 ms)
[10/04/2026-13:35:58] [I] Average on 10 runs - GPU latency: 4.37314 ms - Host latency: 4.79263 ms (enqueue 3.05317 ms)
[10/04/2026-13:35:58] [I] Average on 10 runs - GPU latency: 4.37105 ms - Host latency: 4.78984 ms (enqueue 3.04302 ms)
[10/04/2026-13:35:58] [I] Average on 10 runs - GPU latency: 4.37109 ms - Host latency: 4.78994 ms (enqueue 3.05659 ms)
[10/04/2026-13:35:58] [I] Average on 10 runs - GPU latency: 4.37056 ms - Host latency: 4.78848 ms (enqueue 3.04419 ms)
[10/04/2026-13:35:58] [I] Average on 10 runs - GPU latency: 4.37134 ms - Host latency: 4.78916 ms (enqueue 3.04639 ms)
[10/04/2026-13:35:58] [I] Average on 10 runs - GPU latency: 4.36782 ms - Host latency: 4.78667 ms (enqueue 3.023 ms)
[10/04/2026-13:35:58] [I] Average on 10 runs - GPU latency: 4.37134 ms - Host latency: 4.7894 ms (enqueue 3.03628 ms)
[10/04/2026-13:35:58] [I] Average on 10 runs - GPU latency: 4.36997 ms - Host latency: 4.7877 ms (enqueue 3.00259 ms)
[10/04/2026-13:35:58] [I] Average on 10 runs - GPU latency: 4.37388 ms - Host latency: 4.79097 ms (enqueue 3.01562 ms)
[10/04/2026-13:35:58] [I] Average on 10 runs - GPU latency: 4.37178 ms - Host latency: 4.79116 ms (enqueue 3.04746 ms)
[10/04/2026-13:35:58] [I] Average on 10 runs - GPU latency: 4.37105 ms - Host latency: 4.78853 ms (enqueue 3.05 ms)
[10/04/2026-13:35:58] [I] Average on 10 runs - GPU latency: 4.37046 ms - Host latency: 4.79009 ms (enqueue 3.01997 ms)
[10/04/2026-13:35:58] [I] Average on 10 runs - GPU latency: 4.36958 ms - Host latency: 4.78857 ms (enqueue 3.02207 ms)
[10/04/2026-13:35:58] [I] Average on 10 runs - GPU latency: 4.37153 ms - Host latency: 4.78862 ms (enqueue 3.02974 ms)
[10/04/2026-13:35:58] [I] Average on 10 runs - GPU latency: 4.37031 ms - Host latency: 4.78828 ms (enqueue 2.99346 ms)
[10/04/2026-13:35:58] [I] Average on 10 runs - GPU latency: 4.37007 ms - Host latency: 4.78989 ms (enqueue 3.0332 ms)
[10/04/2026-13:35:58] [I] Average on 10 runs - GPU latency: 4.37158 ms - Host latency: 4.78833 ms (enqueue 3.01011 ms)
[10/04/2026-13:35:58] [I] Average on 10 runs - GPU latency: 4.37021 ms - Host latency: 4.78833 ms (enqueue 3.03799 ms)
[10/04/2026-13:35:58] [I] Average on 10 runs - GPU latency: 4.37144 ms - Host latency: 4.78979 ms (enqueue 3.0417 ms)
[10/04/2026-13:35:58] [I] Average on 10 runs - GPU latency: 4.3707 ms - Host latency: 4.78799 ms (enqueue 3.02368 ms)
[10/04/2026-13:35:58] [I] Average on 10 runs - GPU latency: 4.37007 ms - Host latency: 4.78823 ms (enqueue 3.04077 ms)
[10/04/2026-13:35:58] [I] Average on 10 runs - GPU latency: 4.36987 ms - Host latency: 4.78813 ms (enqueue 3.05562 ms)
[10/04/2026-13:35:58] [I] Average on 10 runs - GPU latency: 4.36787 ms - Host latency: 4.7832 ms (enqueue 3.04141 ms)
[10/04/2026-13:35:58] [I] Average on 10 runs - GPU latency: 4.36836 ms - Host latency: 4.78613 ms (enqueue 3.0377 ms)
[10/04/2026-13:35:58] [I] Average on 10 runs - GPU latency: 4.3707 ms - Host latency: 4.7875 ms (enqueue 3.03008 ms)
[10/04/2026-13:35:58] [I] Average on 10 runs - GPU latency: 4.37246 ms - Host latency: 4.79063 ms (enqueue 3.00723 ms)
[10/04/2026-13:35:58] [I] Average on 10 runs - GPU latency: 4.37119 ms - Host latency: 4.78926 ms (enqueue 2.99805 ms)
[10/04/2026-13:35:58] [I] Average on 10 runs - GPU latency: 4.37139 ms - Host latency: 4.78848 ms (enqueue 3.00762 ms)
[10/04/2026-13:35:58] [I] Average on 10 runs - GPU latency: 4.37061 ms - Host latency: 4.78779 ms (enqueue 3.05117 ms)
[10/04/2026-13:35:58] [I] Average on 10 runs - GPU latency: 4.37217 ms - Host latency: 4.78887 ms (enqueue 3.01533 ms)
[10/04/2026-13:35:58] [I] Average on 10 runs - GPU latency: 4.37158 ms - Host latency: 4.78994 ms (enqueue 3.04482 ms)
[10/04/2026-13:35:58] [I] Average on 10 runs - GPU latency: 4.36924 ms - Host latency: 4.78789 ms (enqueue 3.03887 ms)
[10/04/2026-13:35:58] [I] Average on 10 runs - GPU latency: 4.36855 ms - Host latency: 4.78701 ms (enqueue 3.04473 ms)
[10/04/2026-13:35:58] [I] Average on 10 runs - GPU latency: 4.36865 ms - Host latency: 4.78789 ms (enqueue 3.04922 ms)
[10/04/2026-13:35:58] [I] Average on 10 runs - GPU latency: 4.37051 ms - Host latency: 4.78682 ms (enqueue 3.04697 ms)
[10/04/2026-13:35:58] [I] Average on 10 runs - GPU latency: 4.36807 ms - Host latency: 4.78691 ms (enqueue 3.05029 ms)
[10/04/2026-13:35:58] [I] Average on 10 runs - GPU latency: 4.36943 ms - Host latency: 4.78877 ms (enqueue 3.04941 ms)
[10/04/2026-13:35:58] [I] Average on 10 runs - GPU latency: 4.36963 ms - Host latency: 4.78945 ms (enqueue 3.0333 ms)
[10/04/2026-13:35:58] [I] Average on 10 runs - GPU latency: 4.36914 ms - Host latency: 4.78584 ms (enqueue 3.05029 ms)
[10/04/2026-13:35:58] [I] Average on 10 runs - GPU latency: 4.36973 ms - Host latency: 4.79092 ms (enqueue 3.03926 ms)
[10/04/2026-13:35:58] [I] Average on 10 runs - GPU latency: 4.36953 ms - Host latency: 4.78623 ms (enqueue 3.04365 ms)
[10/04/2026-13:35:58] [I] Average on 10 runs - GPU latency: 4.36992 ms - Host latency: 4.78828 ms (enqueue 3.01436 ms)
[10/04/2026-13:35:58] [I] Average on 10 runs - GPU latency: 4.36865 ms - Host latency: 4.78623 ms (enqueue 3.02959 ms)
[10/04/2026-13:35:58] [I] Average on 10 runs - GPU latency: 4.36904 ms - Host latency: 4.78682 ms (enqueue 3.00859 ms)
[10/04/2026-13:35:58] [I] Average on 10 runs - GPU latency: 4.37031 ms - Host latency: 4.78711 ms (enqueue 3.06475 ms)
[10/04/2026-13:35:58] [I] Average on 10 runs - GPU latency: 4.37031 ms - Host latency: 4.78779 ms (enqueue 2.97793 ms)
[10/04/2026-13:35:58] [I] ... Omitting 575 lines
[10/04/2026-13:35:58] [I] Average on 10 runs - GPU latency: 4.36758 ms - Host latency: 4.7875 ms (enqueue 3.03877 ms)
[10/04/2026-13:35:58] [I] Average on 10 runs - GPU latency: 4.37393 ms - Host latency: 4.79395 ms (enqueue 3.01875 ms)
[10/04/2026-13:35:58] [I] Average on 10 runs - GPU latency: 4.36797 ms - Host latency: 4.78457 ms (enqueue 3.04092 ms)
[10/04/2026-13:35:58] [I] Average on 10 runs - GPU latency: 4.37246 ms - Host latency: 4.79336 ms (enqueue 3.05928 ms)
[10/04/2026-13:35:58] [I] Average on 10 runs - GPU latency: 4.37168 ms - Host latency: 4.79131 ms (enqueue 3.04619 ms)
[10/04/2026-13:35:58] [I] Average on 10 runs - GPU latency: 4.37275 ms - Host latency: 4.79189 ms (enqueue 3.05039 ms)
[10/04/2026-13:35:58] [I] Average on 10 runs - GPU latency: 4.37061 ms - Host latency: 4.7874 ms (enqueue 3.05713 ms)
[10/04/2026-13:35:58] [I] Average on 10 runs - GPU latency: 4.37363 ms - Host latency: 4.79336 ms (enqueue 3.03701 ms)
[10/04/2026-13:35:58] [I] Average on 10 runs - GPU latency: 4.37393 ms - Host latency: 4.79336 ms (enqueue 3.01152 ms)
[10/04/2026-13:35:58] [I] Average on 10 runs - GPU latency: 4.37021 ms - Host latency: 4.78945 ms (enqueue 3.05801 ms)
[10/04/2026-13:35:58] [I] Average on 10 runs - GPU latency: 4.36787 ms - Host latency: 4.7874 ms (enqueue 3.0292 ms)
[10/04/2026-13:35:58] [I] Average on 10 runs - GPU latency: 4.36855 ms - Host latency: 4.78779 ms (enqueue 3.046 ms)
[10/04/2026-13:35:58] [I] Average on 10 runs - GPU latency: 4.36787 ms - Host latency: 4.78545 ms (enqueue 3.02119 ms)
[10/04/2026-13:35:58] [I] Average on 10 runs - GPU latency: 4.36943 ms - Host latency: 4.79004 ms (enqueue 3.03174 ms)
[10/04/2026-13:35:58] [I] Average on 10 runs - GPU latency: 4.37217 ms - Host latency: 4.79033 ms (enqueue 2.99805 ms)
[10/04/2026-13:35:58] [I] Average on 10 runs - GPU latency: 4.3708 ms - Host latency: 4.79102 ms (enqueue 3.03828 ms)
[10/04/2026-13:35:58] [I] Average on 10 runs - GPU latency: 4.37227 ms - Host latency: 4.79033 ms (enqueue 3.04092 ms)
[10/04/2026-13:35:58] [I] Average on 10 runs - GPU latency: 4.37314 ms - Host latency: 4.7915 ms (enqueue 3.03057 ms)
[10/04/2026-13:35:58] [I] Average on 10 runs - GPU latency: 4.37275 ms - Host latency: 4.79219 ms (enqueue 3.01875 ms)
[10/04/2026-13:35:58] [I] Average on 10 runs - GPU latency: 4.37031 ms - Host latency: 4.78828 ms (enqueue 3.04063 ms)
[10/04/2026-13:35:58] [I] Average on 10 runs - GPU latency: 4.37402 ms - Host latency: 4.79238 ms (enqueue 3.01934 ms)
[10/04/2026-13:35:58] [I] Average on 10 runs - GPU latency: 4.37393 ms - Host latency: 4.79404 ms (enqueue 3.00771 ms)
[10/04/2026-13:35:58] [I] Average on 10 runs - GPU latency: 4.37012 ms - Host latency: 4.78867 ms (enqueue 3.04551 ms)
[10/04/2026-13:35:58] [I] Average on 10 runs - GPU latency: 4.37363 ms - Host latency: 4.79014 ms (enqueue 2.99834 ms)
[10/04/2026-13:35:58] [I] Average on 10 runs - GPU latency: 4.37285 ms - Host latency: 4.79316 ms (enqueue 3.0415 ms)
[10/04/2026-13:35:58] [I] Average on 10 runs - GPU latency: 4.37363 ms - Host latency: 4.78984 ms (enqueue 3.04893 ms)
[10/04/2026-13:35:58] [I] Average on 10 runs - GPU latency: 4.36895 ms - Host latency: 4.78828 ms (enqueue 3.05127 ms)
[10/04/2026-13:35:58] [I] Average on 10 runs - GPU latency: 4.3709 ms - Host latency: 4.78916 ms (enqueue 3.02227 ms)
[10/04/2026-13:35:58] [I] Average on 10 runs - GPU latency: 4.37051 ms - Host latency: 4.78711 ms (enqueue 3.04375 ms)
[10/04/2026-13:35:58] [I] Average on 10 runs - GPU latency: 4.36865 ms - Host latency: 4.78545 ms (enqueue 3.02158 ms)
[10/04/2026-13:35:58] [I] Average on 10 runs - GPU latency: 4.37314 ms - Host latency: 4.78936 ms (enqueue 2.99365 ms)
[10/04/2026-13:35:58] [I] Average on 10 runs - GPU latency: 4.37109 ms - Host latency: 4.78887 ms (enqueue 3.05254 ms)
[10/04/2026-13:35:58] [I] Average on 10 runs - GPU latency: 4.37227 ms - Host latency: 4.79141 ms (enqueue 3.03916 ms)
[10/04/2026-13:35:58] [I] Average on 10 runs - GPU latency: 4.37314 ms - Host latency: 4.7916 ms (enqueue 3.01074 ms)
[10/04/2026-13:35:58] [I] Average on 10 runs - GPU latency: 4.36914 ms - Host latency: 4.7873 ms (enqueue 3.04824 ms)
[10/04/2026-13:35:58] [I] Average on 10 runs - GPU latency: 4.37402 ms - Host latency: 4.79082 ms (enqueue 3.04492 ms)
[10/04/2026-13:35:58] [I] Average on 10 runs - GPU latency: 4.37031 ms - Host latency: 4.78984 ms (enqueue 3.00967 ms)
[10/04/2026-13:35:58] [I] Average on 10 runs - GPU latency: 4.37012 ms - Host latency: 4.78604 ms (enqueue 3.02168 ms)
[10/04/2026-13:35:58] [I] Average on 10 runs - GPU latency: 4.3709 ms - Host latency: 4.78936 ms (enqueue 3.05312 ms)
[10/04/2026-13:35:58] [I] Average on 10 runs - GPU latency: 4.37344 ms - Host latency: 4.79219 ms (enqueue 3.01182 ms)
[10/04/2026-13:35:58] [I] Average on 10 runs - GPU latency: 4.36953 ms - Host latency: 4.7873 ms (enqueue 3.04951 ms)
[10/04/2026-13:35:58] [I] Average on 10 runs - GPU latency: 4.37129 ms - Host latency: 4.78887 ms (enqueue 3.03984 ms)
[10/04/2026-13:35:58] [I] Average on 10 runs - GPU latency: 4.3707 ms - Host latency: 4.78994 ms (enqueue 3.04863 ms)
[10/04/2026-13:35:58] [I] Average on 10 runs - GPU latency: 4.36943 ms - Host latency: 4.78701 ms (enqueue 3.04209 ms)
[10/04/2026-13:35:58] [I] Average on 10 runs - GPU latency: 4.3667 ms - Host latency: 4.78555 ms (enqueue 3.03525 ms)
[10/04/2026-13:35:58] [I] Average on 10 runs - GPU latency: 4.37041 ms - Host latency: 4.78828 ms (enqueue 3.03389 ms)
[10/04/2026-13:35:58] [I] Average on 10 runs - GPU latency: 4.36924 ms - Host latency: 4.7874 ms (enqueue 3.03721 ms)
[10/04/2026-13:35:58] [I] Average on 10 runs - GPU latency: 4.37021 ms - Host latency: 4.78818 ms (enqueue 3.01426 ms)
[10/04/2026-13:35:58] [I] Average on 10 runs - GPU latency: 4.36924 ms - Host latency: 4.78896 ms (enqueue 3.03623 ms)
[10/04/2026-13:35:58] [I] Average on 10 runs - GPU latency: 4.37305 ms - Host latency: 4.79316 ms (enqueue 3.01982 ms)
[10/04/2026-13:35:58] [I] Average on 10 runs - GPU latency: 4.37012 ms - Host latency: 4.78984 ms (enqueue 3.05469 ms)
[10/04/2026-13:35:58] [I] Average on 10 runs - GPU latency: 4.36689 ms - Host latency: 4.78467 ms (enqueue 3.01924 ms)
[10/04/2026-13:35:58] [I] Average on 10 runs - GPU latency: 4.36924 ms - Host latency: 4.78838 ms (enqueue 3.04043 ms)
[10/04/2026-13:35:58] [I] Average on 10 runs - GPU latency: 4.36807 ms - Host latency: 4.78613 ms (enqueue 3.04092 ms)
[10/04/2026-13:35:58] [I] Average on 10 runs - GPU latency: 4.36914 ms - Host latency: 4.78701 ms (enqueue 3.04473 ms)
[10/04/2026-13:35:58] [I] Average on 10 runs - GPU latency: 4.36924 ms - Host latency: 4.78779 ms (enqueue 3.05176 ms)
[10/04/2026-13:35:58] [I] Average on 10 runs - GPU latency: 4.37021 ms - Host latency: 4.78818 ms (enqueue 3.02588 ms)
[10/04/2026-13:35:58] [I] Average on 10 runs - GPU latency: 4.37197 ms - Host latency: 4.78857 ms (enqueue 3.0418 ms)
[10/04/2026-13:35:58] [I] Average on 10 runs - GPU latency: 4.37148 ms - Host latency: 4.79111 ms (enqueue 3.03564 ms)
[10/04/2026-13:35:58] [I] Average on 10 runs - GPU latency: 4.37549 ms - Host latency: 4.79443 ms (enqueue 3.03125 ms)
[10/04/2026-13:35:58] [I] Average on 10 runs - GPU latency: 4.36836 ms - Host latency: 4.78525 ms (enqueue 3.03467 ms)
[10/04/2026-13:35:58] [I] Average on 10 runs - GPU latency: 4.37383 ms - Host latency: 4.79209 ms (enqueue 3.03994 ms)
[10/04/2026-13:35:58] [I] Average on 10 runs - GPU latency: 4.36904 ms - Host latency: 4.78848 ms (enqueue 3.02598 ms)
[10/04/2026-13:35:58] [I] Average on 10 runs - GPU latency: 4.37012 ms - Host latency: 4.78828 ms (enqueue 3.03428 ms)
[10/04/2026-13:35:58] [I] Average on 10 runs - GPU latency: 4.37002 ms - Host latency: 4.78945 ms (enqueue 3.03291 ms)
[10/04/2026-13:35:58] [I] Average on 10 runs - GPU latency: 4.36924 ms - Host latency: 4.78701 ms (enqueue 3.01875 ms)
[10/04/2026-13:35:58] [I] Average on 10 runs - GPU latency: 4.3667 ms - Host latency: 4.7834 ms (enqueue 2.99834 ms)
[10/04/2026-13:35:58] [I] Average on 10 runs - GPU latency: 4.36699 ms - Host latency: 4.78789 ms (enqueue 2.97695 ms)
[10/04/2026-13:35:58] [I] Average on 10 runs - GPU latency: 4.37051 ms - Host latency: 4.78848 ms (enqueue 3.03252 ms)
[10/04/2026-13:35:58] [I] Average on 10 runs - GPU latency: 4.37021 ms - Host latency: 4.7873 ms (enqueue 3.00439 ms)
[10/04/2026-13:35:58] [I] Average on 10 runs - GPU latency: 4.36865 ms - Host latency: 4.78809 ms (enqueue 3.06855 ms)
[10/04/2026-13:35:58] [I] Average on 10 runs - GPU latency: 4.37129 ms - Host latency: 4.78936 ms (enqueue 3.02734 ms)
[10/04/2026-13:35:58] [I] Average on 10 runs - GPU latency: 4.37061 ms - Host latency: 4.78809 ms (enqueue 3.02432 ms)
[10/04/2026-13:35:58] [I] Average on 10 runs - GPU latency: 4.37002 ms - Host latency: 4.78838 ms (enqueue 3.03252 ms)
[10/04/2026-13:35:58] [I] Average on 10 runs - GPU latency: 4.36807 ms - Host latency: 4.78662 ms (enqueue 3.04561 ms)
[10/04/2026-13:35:58] [I] Average on 10 runs - GPU latency: 4.37041 ms - Host latency: 4.78838 ms (enqueue 3.0248 ms)
[10/04/2026-13:35:58] [I] Average on 10 runs - GPU latency: 4.3708 ms - Host latency: 4.79033 ms (enqueue 3.04434 ms)
[10/04/2026-13:35:58] [I] Average on 10 runs - GPU latency: 4.3708 ms - Host latency: 4.78848 ms (enqueue 3.03643 ms)
[10/04/2026-13:35:58] [I] Average on 10 runs - GPU latency: 4.37402 ms - Host latency: 4.79228 ms (enqueue 3.04619 ms)
[10/04/2026-13:35:58] [I] Average on 10 runs - GPU latency: 4.37207 ms - Host latency: 4.78857 ms (enqueue 3.02822 ms)
[10/04/2026-13:35:58] [I] Average on 10 runs - GPU latency: 4.37168 ms - Host latency: 4.79121 ms (enqueue 3.04063 ms)
[10/04/2026-13:35:58] [I] Average on 10 runs - GPU latency: 4.37012 ms - Host latency: 4.78965 ms (enqueue 3.02187 ms)
[10/04/2026-13:35:58] [I] Average on 10 runs - GPU latency: 4.36973 ms - Host latency: 4.78789 ms (enqueue 3.04316 ms)
[10/04/2026-13:35:58] [I] Average on 10 runs - GPU latency: 4.37021 ms - Host latency: 4.78838 ms (enqueue 3.03994 ms)
[10/04/2026-13:35:58] [I] Average on 10 runs - GPU latency: 4.36973 ms - Host latency: 4.78887 ms (enqueue 3.01562 ms)
[10/04/2026-13:35:58] [I] Average on 10 runs - GPU latency: 4.3708 ms - Host latency: 4.79082 ms (enqueue 3.00068 ms)
[10/04/2026-13:35:58] [I] Average on 10 runs - GPU latency: 4.3709 ms - Host latency: 4.79043 ms (enqueue 3.02891 ms)
[10/04/2026-13:35:58] [I] Average on 10 runs - GPU latency: 4.37061 ms - Host latency: 4.78828 ms (enqueue 3.04854 ms)
[10/04/2026-13:35:58] [I] Average on 10 runs - GPU latency: 4.37129 ms - Host latency: 4.79238 ms (enqueue 3.04824 ms)
[10/04/2026-13:35:58] [I] Average on 10 runs - GPU latency: 4.36924 ms - Host latency: 4.7875 ms (enqueue 3.04063 ms)
[10/04/2026-13:35:58] [I] Average on 10 runs - GPU latency: 4.37178 ms - Host latency: 4.7877 ms (enqueue 3.03291 ms)
[10/04/2026-13:35:58] [I] Average on 10 runs - GPU latency: 4.37197 ms - Host latency: 4.79111 ms (enqueue 3.01719 ms)
[10/04/2026-13:35:58] [I] Average on 10 runs - GPU latency: 4.3709 ms - Host latency: 4.78896 ms (enqueue 3.04658 ms)
[10/04/2026-13:35:58] [I] Average on 10 runs - GPU latency: 4.37012 ms - Host latency: 4.7875 ms (enqueue 3.03721 ms)
[10/04/2026-13:35:58] [I] Average on 10 runs - GPU latency: 4.37344 ms - Host latency: 4.7915 ms (enqueue 3.04492 ms)
[10/04/2026-13:35:58] [I] Average on 10 runs - GPU latency: 4.36943 ms - Host latency: 4.78896 ms (enqueue 3.04824 ms)
[10/04/2026-13:35:58] [I] Average on 10 runs - GPU latency: 4.37236 ms - Host latency: 4.79307 ms (enqueue 3.00576 ms)
[10/04/2026-13:35:58] [I] Average on 10 runs - GPU latency: 4.37061 ms - Host latency: 4.78867 ms (enqueue 3.01484 ms)
[10/04/2026-13:35:58] [I] Average on 10 runs - GPU latency: 4.36914 ms - Host latency: 4.78848 ms (enqueue 3.08887 ms)
[10/04/2026-13:35:58] [I] Average on 10 runs - GPU latency: 4.37246 ms - Host latency: 4.7915 ms (enqueue 2.97969 ms)
[10/04/2026-13:35:58] [I] Average on 10 runs - GPU latency: 4.36729 ms - Host latency: 4.78594 ms (enqueue 3.01709 ms)
[10/04/2026-13:35:58] [I] Average on 10 runs - GPU latency: 4.3707 ms - Host latency: 4.78916 ms (enqueue 3.0458 ms)
[10/04/2026-13:35:58] [I] Average on 10 runs - GPU latency: 4.36992 ms - Host latency: 4.7875 ms (enqueue 3.01719 ms)
[10/04/2026-13:35:58] [I] Average on 10 runs - GPU latency: 4.371 ms - Host latency: 4.79199 ms (enqueue 3.01074 ms)
[10/04/2026-13:35:58] [I] Average on 10 runs - GPU latency: 4.36807 ms - Host latency: 4.78555 ms (enqueue 3.00068 ms)
[10/04/2026-13:35:58] [I] Average on 10 runs - GPU latency: 4.36836 ms - Host latency: 4.78691 ms (enqueue 3.05264 ms)
[10/04/2026-13:35:58] [I] Average on 10 runs - GPU latency: 4.36797 ms - Host latency: 4.78711 ms (enqueue 3.03379 ms)
[10/04/2026-13:35:58] [I] Average on 10 runs - GPU latency: 4.37129 ms - Host latency: 4.79043 ms (enqueue 3.02148 ms)
[10/04/2026-13:35:58] [I] Average on 10 runs - GPU latency: 4.37129 ms - Host latency: 4.78926 ms (enqueue 3.03008 ms)
[10/04/2026-13:35:58] [I] Average on 10 runs - GPU latency: 4.37285 ms - Host latency: 4.79297 ms (enqueue 3.02656 ms)
[10/04/2026-13:35:58] [I] Average on 10 runs - GPU latency: 4.36992 ms - Host latency: 4.7875 ms (enqueue 3.03398 ms)
[10/04/2026-13:35:58] [I] Average on 10 runs - GPU latency: 4.37051 ms - Host latency: 4.79043 ms (enqueue 3.01875 ms)
[10/04/2026-13:35:58] [I] Average on 10 runs - GPU latency: 4.37168 ms - Host latency: 4.78848 ms (enqueue 3.04648 ms)
[10/04/2026-13:35:58] [I] Average on 10 runs - GPU latency: 4.36895 ms - Host latency: 4.78828 ms (enqueue 3.05215 ms)
[10/04/2026-13:35:58] [I] Average on 10 runs - GPU latency: 4.36875 ms - Host latency: 4.78555 ms (enqueue 3.0127 ms)
[10/04/2026-13:35:58] [I] Average on 10 runs - GPU latency: 4.36914 ms - Host latency: 4.78867 ms (enqueue 3.04434 ms)
[10/04/2026-13:35:58] [I] Average on 10 runs - GPU latency: 4.37305 ms - Host latency: 4.79063 ms (enqueue 3.03477 ms)
[10/04/2026-13:35:58] [I] Average on 10 runs - GPU latency: 4.37227 ms - Host latency: 4.79063 ms (enqueue 3.04668 ms)
[10/04/2026-13:35:58] [I] Average on 10 runs - GPU latency: 4.37168 ms - Host latency: 4.78984 ms (enqueue 3.03574 ms)
[10/04/2026-13:35:58] [I] Average on 10 runs - GPU latency: 4.36992 ms - Host latency: 4.78867 ms (enqueue 3.05508 ms)
[10/04/2026-13:35:58] [I] Average on 10 runs - GPU latency: 4.37168 ms - Host latency: 4.79258 ms (enqueue 3.01992 ms)
[10/04/2026-13:35:58] [I] Average on 10 runs - GPU latency: 4.36914 ms - Host latency: 4.78828 ms (enqueue 3.05488 ms)
[10/04/2026-13:35:58] [I] Average on 10 runs - GPU latency: 4.37051 ms - Host latency: 4.78828 ms (enqueue 3.04023 ms)
[10/04/2026-13:35:58] [I] Average on 10 runs - GPU latency: 4.37168 ms - Host latency: 4.78965 ms (enqueue 3.03105 ms)
[10/04/2026-13:35:58] [I] Average on 10 runs - GPU latency: 4.37012 ms - Host latency: 4.78652 ms (enqueue 3.04219 ms)
[10/04/2026-13:35:58] [I] Average on 10 runs - GPU latency: 4.37148 ms - Host latency: 4.79043 ms (enqueue 3.03516 ms)
[10/04/2026-13:35:58] [I] Average on 10 runs - GPU latency: 4.36934 ms - Host latency: 4.78672 ms (enqueue 3.00273 ms)
[10/04/2026-13:35:58] [I] Average on 10 runs - GPU latency: 4.37266 ms - Host latency: 4.79336 ms (enqueue 3.03437 ms)
[10/04/2026-13:35:58] [I] Average on 10 runs - GPU latency: 4.37207 ms - Host latency: 4.79023 ms (enqueue 3.02871 ms)
[10/04/2026-13:35:58] [I] Average on 10 runs - GPU latency: 4.36934 ms - Host latency: 4.78574 ms (enqueue 2.98848 ms)
[10/04/2026-13:35:58] [I] Average on 10 runs - GPU latency: 4.37051 ms - Host latency: 4.79023 ms (enqueue 3.04063 ms)
[10/04/2026-13:35:58] [I] Average on 10 runs - GPU latency: 4.3707 ms - Host latency: 4.78965 ms (enqueue 3.04434 ms)
[10/04/2026-13:35:58] [I] Average on 10 runs - GPU latency: 4.3707 ms - Host latency: 4.79102 ms (enqueue 3.0377 ms)
[10/04/2026-13:35:58] [I] Average on 10 runs - GPU latency: 4.37363 ms - Host latency: 4.79102 ms (enqueue 3.03652 ms)
[10/04/2026-13:35:58] [I] Average on 10 runs - GPU latency: 4.37187 ms - Host latency: 4.7918 ms (enqueue 3.05254 ms)
[10/04/2026-13:35:58] [I] Average on 10 runs - GPU latency: 4.37031 ms - Host latency: 4.78945 ms (enqueue 3.03828 ms)
[10/04/2026-13:35:58] [I] Average on 10 runs - GPU latency: 4.3707 ms - Host latency: 4.7873 ms (enqueue 3.0502 ms)
[10/04/2026-13:35:58] [I] Average on 10 runs - GPU latency: 4.37012 ms - Host latency: 4.7873 ms (enqueue 2.98555 ms)
[10/04/2026-13:35:58] [I] Average on 10 runs - GPU latency: 4.37012 ms - Host latency: 4.78984 ms (enqueue 3.03047 ms)
[10/04/2026-13:35:58] [I] Average on 10 runs - GPU latency: 4.37187 ms - Host latency: 4.78867 ms (enqueue 3.04102 ms)
[10/04/2026-13:35:58] [I] Average on 10 runs - GPU latency: 4.37129 ms - Host latency: 4.78887 ms (enqueue 3.01348 ms)
[10/04/2026-13:35:58] [I] Average on 10 runs - GPU latency: 4.36895 ms - Host latency: 4.78555 ms (enqueue 3.04531 ms)
[10/04/2026-13:35:58] [I] Average on 10 runs - GPU latency: 4.36777 ms - Host latency: 4.78711 ms (enqueue 3.00195 ms)
[10/04/2026-13:35:58] [I] Average on 10 runs - GPU latency: 4.37031 ms - Host latency: 4.78926 ms (enqueue 3.04531 ms)
[10/04/2026-13:35:58] [I] Average on 10 runs - GPU latency: 4.37246 ms - Host latency: 4.78906 ms (enqueue 3.05547 ms)
[10/04/2026-13:35:58] [I] Average on 10 runs - GPU latency: 4.3709 ms - Host latency: 4.7875 ms (enqueue 3.04238 ms)
[10/04/2026-13:35:58] [I] Average on 10 runs - GPU latency: 4.36797 ms - Host latency: 4.78652 ms (enqueue 3.05566 ms)
[10/04/2026-13:35:58] [I] Average on 10 runs - GPU latency: 4.37051 ms - Host latency: 4.79141 ms (enqueue 3.04648 ms)
[10/04/2026-13:35:58] [I] Average on 10 runs - GPU latency: 4.36914 ms - Host latency: 4.7875 ms (enqueue 3.00254 ms)
[10/04/2026-13:35:58] [I] Average on 10 runs - GPU latency: 4.37051 ms - Host latency: 4.79082 ms (enqueue 3.04102 ms)
[10/04/2026-13:35:58] [I] Average on 10 runs - GPU latency: 4.37012 ms - Host latency: 4.78906 ms (enqueue 3.04414 ms)
[10/04/2026-13:35:58] [I] Average on 10 runs - GPU latency: 4.36836 ms - Host latency: 4.78672 ms (enqueue 3.05566 ms)
[10/04/2026-13:35:58] [I] Average on 10 runs - GPU latency: 4.36895 ms - Host latency: 4.78555 ms (enqueue 3.02949 ms)
[10/04/2026-13:35:58] [I] Average on 10 runs - GPU latency: 4.37246 ms - Host latency: 4.79219 ms (enqueue 3.04746 ms)
[10/04/2026-13:35:58] [I] Average on 10 runs - GPU latency: 4.36875 ms - Host latency: 4.7875 ms (enqueue 3.05195 ms)
[10/04/2026-13:35:58] [I] Average on 10 runs - GPU latency: 4.36973 ms - Host latency: 4.7873 ms (enqueue 3.0373 ms)
[10/04/2026-13:35:58] [I] Average on 10 runs - GPU latency: 4.36973 ms - Host latency: 4.7877 ms (enqueue 3.00918 ms)
[10/04/2026-13:35:58] [I] Average on 10 runs - GPU latency: 4.36973 ms - Host latency: 4.78672 ms (enqueue 3.04648 ms)
[10/04/2026-13:35:58] [I] Average on 10 runs - GPU latency: 4.37285 ms - Host latency: 4.79043 ms (enqueue 3.02871 ms)
[10/04/2026-13:35:58] [I] Average on 10 runs - GPU latency: 4.36992 ms - Host latency: 4.78789 ms (enqueue 3.00781 ms)
[10/04/2026-13:35:58] [I] Average on 10 runs - GPU latency: 4.37324 ms - Host latency: 4.79102 ms (enqueue 3.0502 ms)
[10/04/2026-13:35:58] [I] Average on 10 runs - GPU latency: 4.37363 ms - Host latency: 4.79277 ms (enqueue 3.04277 ms)
[10/04/2026-13:35:58] [I] Average on 10 runs - GPU latency: 4.36973 ms - Host latency: 4.78926 ms (enqueue 3.07305 ms)
[10/04/2026-13:35:58] [I] Average on 10 runs - GPU latency: 4.36953 ms - Host latency: 4.79063 ms (enqueue 3.04121 ms)
[10/04/2026-13:35:58] [I] Average on 10 runs - GPU latency: 4.3668 ms - Host latency: 4.78418 ms (enqueue 3.02793 ms)
[10/04/2026-13:35:58] [I] Average on 10 runs - GPU latency: 4.3668 ms - Host latency: 4.78379 ms (enqueue 3.01172 ms)
[10/04/2026-13:35:58] [I] Average on 10 runs - GPU latency: 4.37168 ms - Host latency: 4.79141 ms (enqueue 3.00703 ms)
[10/04/2026-13:35:58] [I] Average on 10 runs - GPU latency: 4.37129 ms - Host latency: 4.78945 ms (enqueue 3.04043 ms)
[10/04/2026-13:35:58] [I] Average on 10 runs - GPU latency: 4.36758 ms - Host latency: 4.78672 ms (enqueue 3.05137 ms)
[10/04/2026-13:35:58] [I] Average on 10 runs - GPU latency: 4.37129 ms - Host latency: 4.78887 ms (enqueue 3.06289 ms)
[10/04/2026-13:35:58] [I] Average on 10 runs - GPU latency: 4.37227 ms - Host latency: 4.79082 ms (enqueue 3.0377 ms)
[10/04/2026-13:35:58] [I] Average on 10 runs - GPU latency: 4.36992 ms - Host latency: 4.7875 ms (enqueue 3.00645 ms)
[10/04/2026-13:35:58] [I] Average on 10 runs - GPU latency: 4.37012 ms - Host latency: 4.78945 ms (enqueue 3.00938 ms)
[10/04/2026-13:35:58] [I] Average on 10 runs - GPU latency: 4.3709 ms - Host latency: 4.79023 ms (enqueue 3.04551 ms)
[10/04/2026-13:35:58] [I] Average on 10 runs - GPU latency: 4.36855 ms - Host latency: 4.78691 ms (enqueue 3.01289 ms)
[10/04/2026-13:35:58] [I] Average on 10 runs - GPU latency: 4.37051 ms - Host latency: 4.78887 ms (enqueue 3.04902 ms)
[10/04/2026-13:35:58] [I] Average on 10 runs - GPU latency: 4.36992 ms - Host latency: 4.7875 ms (enqueue 3.00996 ms)
[10/04/2026-13:35:58] [I] Average on 10 runs - GPU latency: 4.37168 ms - Host latency: 4.78906 ms (enqueue 3.04023 ms)
[10/04/2026-13:35:58] [I] Average on 10 runs - GPU latency: 4.36934 ms - Host latency: 4.7873 ms (enqueue 3.01973 ms)
[10/04/2026-13:35:58] [I] Average on 10 runs - GPU latency: 4.36855 ms - Host latency: 4.78496 ms (enqueue 3.03145 ms)
[10/04/2026-13:35:58] [I] Average on 10 runs - GPU latency: 4.37031 ms - Host latency: 4.7873 ms (enqueue 3.05469 ms)
[10/04/2026-13:35:58] [I] Average on 10 runs - GPU latency: 4.37109 ms - Host latency: 4.78848 ms (enqueue 3.04316 ms)
[10/04/2026-13:35:58] [I] Average on 10 runs - GPU latency: 4.36953 ms - Host latency: 4.78984 ms (enqueue 3.0377 ms)
[10/04/2026-13:35:58] [I] Average on 10 runs - GPU latency: 4.37422 ms - Host latency: 4.79473 ms (enqueue 3.03965 ms)
[10/04/2026-13:35:58] [I] Average on 10 runs - GPU latency: 4.3709 ms - Host latency: 4.7916 ms (enqueue 3.04609 ms)
[10/04/2026-13:35:58] [I] Average on 10 runs - GPU latency: 4.36914 ms - Host latency: 4.7875 ms (enqueue 3.00586 ms)
[10/04/2026-13:35:58] [I] Average on 10 runs - GPU latency: 4.37109 ms - Host latency: 4.79082 ms (enqueue 3.04805 ms)
[10/04/2026-13:35:58] [I] Average on 10 runs - GPU latency: 4.37148 ms - Host latency: 4.78867 ms (enqueue 3.01172 ms)
[10/04/2026-13:35:58] [I] Average on 10 runs - GPU latency: 4.37344 ms - Host latency: 4.79219 ms (enqueue 3.0416 ms)
[10/04/2026-13:35:58] [I] Average on 10 runs - GPU latency: 4.37031 ms - Host latency: 4.7877 ms (enqueue 3.00527 ms)
[10/04/2026-13:35:58] [I] Average on 10 runs - GPU latency: 4.36602 ms - Host latency: 4.78398 ms (enqueue 3.03867 ms)
[10/04/2026-13:35:58] [I] Average on 10 runs - GPU latency: 4.36855 ms - Host latency: 4.7873 ms (enqueue 3.04082 ms)
[10/04/2026-13:35:58] [I] Average on 10 runs - GPU latency: 4.37109 ms - Host latency: 4.78828 ms (enqueue 3.05098 ms)
[10/04/2026-13:35:58] [I] Average on 10 runs - GPU latency: 4.37187 ms - Host latency: 4.79004 ms (enqueue 3.04277 ms)
[10/04/2026-13:35:58] [I] Average on 10 runs - GPU latency: 4.37207 ms - Host latency: 4.79102 ms (enqueue 3.03477 ms)
[10/04/2026-13:35:58] [I] Average on 10 runs - GPU latency: 4.37109 ms - Host latency: 4.78965 ms (enqueue 3.01465 ms)
[10/04/2026-13:35:58] [I] Average on 10 runs - GPU latency: 4.37227 ms - Host latency: 4.78984 ms (enqueue 3.00215 ms)
[10/04/2026-13:35:58] [I] Average on 10 runs - GPU latency: 4.37344 ms - Host latency: 4.78945 ms (enqueue 3.00078 ms)
[10/04/2026-13:35:58] [I] Average on 10 runs - GPU latency: 4.37168 ms - Host latency: 4.79219 ms (enqueue 3.05352 ms)
[10/04/2026-13:35:58] [I] Average on 10 runs - GPU latency: 4.36875 ms - Host latency: 4.78789 ms (enqueue 3.0373 ms)
[10/04/2026-13:35:58] [I] 
[10/04/2026-13:35:58] [I] === Performance summary ===
[10/04/2026-13:35:58] [I] Throughput: 228.611 qps
[10/04/2026-13:35:58] [I] Latency: min = 4.71094 ms, max = 4.86029 ms, mean = 4.78856 ms, median = 4.78906 ms, percentile(90%) = 4.79688 ms, percentile(95%) = 4.7998 ms, percentile(99%) = 4.80713 ms
[10/04/2026-13:35:58] [I] Enqueue Time: min = 2.45996 ms, max = 3.73633 ms, mean = 3.02948 ms, median = 2.99414 ms, percentile(90%) = 3.23779 ms, percentile(95%) = 3.25879 ms, percentile(99%) = 3.29785 ms
[10/04/2026-13:35:58] [I] H2D Latency: min = 0.366211 ms, max = 0.434509 ms, mean = 0.394908 ms, median = 0.394531 ms, percentile(90%) = 0.399414 ms, percentile(95%) = 0.402344 ms, percentile(99%) = 0.410156 ms
[10/04/2026-13:35:58] [I] GPU Compute Time: min = 4.30078 ms, max = 4.43964 ms, mean = 4.37045 ms, median = 4.37061 ms, percentile(90%) = 4.37646 ms, percentile(95%) = 4.37866 ms, percentile(99%) = 4.38184 ms
[10/04/2026-13:35:58] [I] D2H Latency: min = 0.0117188 ms, max = 0.0322266 ms, mean = 0.0232014 ms, median = 0.0234375 ms, percentile(90%) = 0.0263672 ms, percentile(95%) = 0.0273438 ms, percentile(99%) = 0.0297852 ms
[10/04/2026-13:35:58] [I] Total Host Walltime: 20.0122 s
[10/04/2026-13:35:58] [I] Total GPU Compute Time: 19.9948 s
[10/04/2026-13:35:58] [I] Explanations of the performance metrics are printed in the verbose logs.
[10/04/2026-13:35:58] [I] 
&&&& PASSED TensorRT.trtexec [TensorRT v100300] # /usr/src/tensorrt/bin/trtexec --loadEngine=engines/20260923-yolov8n-960-s2-544x960-fp16.engine --duration=20 --warmUp=500 --avgRuns=10
