&&&& RUNNING TensorRT.trtexec [TensorRT v100300] # /usr/src/tensorrt/bin/trtexec --loadEngine=engines/20260922-yolov8n-640-s2-384x640-fp16.engine --duration=20 --warmUp=500 --avgRuns=10
[10/04/2026-13:35:17] [I] === Model Options ===
[10/04/2026-13:35:17] [I] Format: *
[10/04/2026-13:35:17] [I] Model: 
[10/04/2026-13:35:17] [I] Output:
[10/04/2026-13:35:17] [I] 
[10/04/2026-13:35:17] [I] === System Options ===
[10/04/2026-13:35:17] [I] Device: 0
[10/04/2026-13:35:17] [I] DLACore: 
[10/04/2026-13:35:17] [I] Plugins:
[10/04/2026-13:35:17] [I] setPluginsToSerialize:
[10/04/2026-13:35:17] [I] dynamicPlugins:
[10/04/2026-13:35:17] [I] ignoreParsedPluginLibs: 0
[10/04/2026-13:35:17] [I] 
[10/04/2026-13:35:17] [I] === Inference Options ===
[10/04/2026-13:35:17] [I] Batch: Explicit
[10/04/2026-13:35:17] [I] Input inference shapes: model
[10/04/2026-13:35:17] [I] Iterations: 10
[10/04/2026-13:35:17] [I] Duration: 20s (+ 500ms warm up)
[10/04/2026-13:35:17] [I] Sleep time: 0ms
[10/04/2026-13:35:17] [I] Idle time: 0ms
[10/04/2026-13:35:17] [I] Inference Streams: 1
[10/04/2026-13:35:17] [I] ExposeDMA: Disabled
[10/04/2026-13:35:17] [I] Data transfers: Enabled
[10/04/2026-13:35:17] [I] Spin-wait: Disabled
[10/04/2026-13:35:17] [I] Multithreading: Disabled
[10/04/2026-13:35:17] [I] CUDA Graph: Disabled
[10/04/2026-13:35:17] [I] Separate profiling: Disabled
[10/04/2026-13:35:17] [I] Time Deserialize: Disabled
[10/04/2026-13:35:17] [I] Time Refit: Disabled
[10/04/2026-13:35:17] [I] NVTX verbosity: 0
[10/04/2026-13:35:17] [I] Persistent Cache Ratio: 0
[10/04/2026-13:35:17] [I] Optimization Profile Index: 0
[10/04/2026-13:35:17] [I] Weight Streaming Budget: 100.000000%
[10/04/2026-13:35:17] [I] Inputs:
[10/04/2026-13:35:17] [I] Debug Tensor Save Destinations:
[10/04/2026-13:35:17] [I] === Reporting Options ===
[10/04/2026-13:35:17] [I] Verbose: Disabled
[10/04/2026-13:35:17] [I] Averages: 10 inferences
[10/04/2026-13:35:17] [I] Percentiles: 90,95,99
[10/04/2026-13:35:17] [I] Dump refittable layers:Disabled
[10/04/2026-13:35:17] [I] Dump output: Disabled
[10/04/2026-13:35:17] [I] Profile: Disabled
[10/04/2026-13:35:17] [I] Export timing to JSON file: 
[10/04/2026-13:35:17] [I] Export output to JSON file: 
[10/04/2026-13:35:17] [I] Export profile to JSON file: 
[10/04/2026-13:35:17] [I] 
[10/04/2026-13:35:17] [I] === Device Information ===
[10/04/2026-13:35:17] [I] Available Devices: 
[10/04/2026-13:35:17] [I]   Device 0: "Orin" UUID: GPU-45d5c37b-d127-5f20-ae29-4ffb11b0b0ca
[10/04/2026-13:35:17] [I] Selected Device: Orin
[10/04/2026-13:35:17] [I] Selected Device ID: 0
[10/04/2026-13:35:17] [I] Selected Device UUID: GPU-45d5c37b-d127-5f20-ae29-4ffb11b0b0ca
[10/04/2026-13:35:17] [I] Compute Capability: 8.7
[10/04/2026-13:35:17] [I] SMs: 8
[10/04/2026-13:35:17] [I] Device Global Memory: 7619 MiB
[10/04/2026-13:35:17] [I] Shared Memory per SM: 164 KiB
[10/04/2026-13:35:17] [I] Memory Bus Width: 128 bits (ECC disabled)
[10/04/2026-13:35:17] [I] Application Compute Clock Rate: 1.02 GHz
[10/04/2026-13:35:17] [I] Application Memory Clock Rate: 0.918 GHz
[10/04/2026-13:35:17] [I] 
[10/04/2026-13:35:17] [I] Note: The application clock rates do not reflect the actual clock rates that the GPU is currently running at.
[10/04/2026-13:35:17] [I] 
[10/04/2026-13:35:17] [I] TensorRT version: 10.3.0
[10/04/2026-13:35:17] [I] Loading standard plugins
[10/04/2026-13:35:17] [I] [TRT] Loaded engine size: 8 MiB
[10/04/2026-13:35:17] [I] Engine deserialized in 0.0937755 sec.
[10/04/2026-13:35:17] [I] [TRT] [MemUsageChange] TensorRT-managed allocation in IExecutionContext creation: CPU +0, GPU +6, now: CPU 0, GPU 11 (MiB)
[10/04/2026-13:35:17] [I] Setting persistentCacheLimit to 0 bytes.
[10/04/2026-13:35:17] [I] Created execution context with device memory size: 5.33203 MiB
[10/04/2026-13:35:17] [I] Using random values for input images
[10/04/2026-13:35:17] [I] Input binding for images with dimensions 1x3x384x640 is created.
[10/04/2026-13:35:17] [I] Output binding for output0 with dimensions 1x5x5040 is created.
[10/04/2026-13:35:17] [I] Starting inference
[10/04/2026-13:35:38] [I] Warmup completed 139 queries over 500 ms
[10/04/2026-13:35:38] [I] Timing trace has 7808 queries over 20.006 s
[10/04/2026-13:35:38] [I] 
[10/04/2026-13:35:38] [I] === Trace details ===
[10/04/2026-13:35:38] [I] Trace averages of 10 runs:
[10/04/2026-13:35:38] [I] Average on 10 runs - GPU latency: 2.56121 ms - Host latency: 2.75903 ms (enqueue 1.92921 ms)
[10/04/2026-13:35:38] [I] Average on 10 runs - GPU latency: 2.56196 ms - Host latency: 2.76046 ms (enqueue 1.86391 ms)
[10/04/2026-13:35:38] [I] Average on 10 runs - GPU latency: 2.56449 ms - Host latency: 2.76202 ms (enqueue 1.8746 ms)
[10/04/2026-13:35:38] [I] Average on 10 runs - GPU latency: 2.56166 ms - Host latency: 2.75897 ms (enqueue 1.87585 ms)
[10/04/2026-13:35:38] [I] Average on 10 runs - GPU latency: 2.56323 ms - Host latency: 2.76069 ms (enqueue 1.86779 ms)
[10/04/2026-13:35:38] [I] Average on 10 runs - GPU latency: 2.56296 ms - Host latency: 2.76247 ms (enqueue 1.87379 ms)
[10/04/2026-13:35:38] [I] Average on 10 runs - GPU latency: 2.56367 ms - Host latency: 2.75944 ms (enqueue 1.81152 ms)
[10/04/2026-13:35:38] [I] Average on 10 runs - GPU latency: 2.56456 ms - Host latency: 2.76059 ms (enqueue 1.79584 ms)
[10/04/2026-13:35:38] [I] Average on 10 runs - GPU latency: 2.56223 ms - Host latency: 2.76106 ms (enqueue 1.80933 ms)
[10/04/2026-13:35:38] [I] Average on 10 runs - GPU latency: 2.56354 ms - Host latency: 2.7601 ms (enqueue 1.80239 ms)
[10/04/2026-13:35:38] [I] Average on 10 runs - GPU latency: 2.56184 ms - Host latency: 2.75925 ms (enqueue 1.79948 ms)
[10/04/2026-13:35:38] [I] Average on 10 runs - GPU latency: 2.56284 ms - Host latency: 2.76115 ms (enqueue 1.79247 ms)
[10/04/2026-13:35:38] [I] Average on 10 runs - GPU latency: 2.5622 ms - Host latency: 2.76067 ms (enqueue 1.81757 ms)
[10/04/2026-13:35:38] [I] Average on 10 runs - GPU latency: 2.5639 ms - Host latency: 2.76072 ms (enqueue 1.80444 ms)
[10/04/2026-13:35:38] [I] Average on 10 runs - GPU latency: 2.56547 ms - Host latency: 2.76138 ms (enqueue 1.78853 ms)
[10/04/2026-13:35:38] [I] Average on 10 runs - GPU latency: 2.56375 ms - Host latency: 2.75907 ms (enqueue 1.79483 ms)
[10/04/2026-13:35:38] [I] Average on 10 runs - GPU latency: 2.5623 ms - Host latency: 2.75896 ms (enqueue 1.79213 ms)
[10/04/2026-13:35:38] [I] Average on 10 runs - GPU latency: 2.56125 ms - Host latency: 2.75919 ms (enqueue 1.81103 ms)
[10/04/2026-13:35:38] [I] Average on 10 runs - GPU latency: 2.5633 ms - Host latency: 2.76118 ms (enqueue 1.78614 ms)
[10/04/2026-13:35:38] [I] Average on 10 runs - GPU latency: 2.5611 ms - Host latency: 2.7585 ms (enqueue 1.79059 ms)
[10/04/2026-13:35:38] [I] Average on 10 runs - GPU latency: 2.56329 ms - Host latency: 2.76201 ms (enqueue 1.79995 ms)
[10/04/2026-13:35:38] [I] Average on 10 runs - GPU latency: 2.56276 ms - Host latency: 2.75948 ms (enqueue 1.78834 ms)
[10/04/2026-13:35:38] [I] Average on 10 runs - GPU latency: 2.5618 ms - Host latency: 2.76053 ms (enqueue 1.80715 ms)
[10/04/2026-13:35:38] [I] Average on 10 runs - GPU latency: 2.56377 ms - Host latency: 2.75761 ms (enqueue 1.79052 ms)
[10/04/2026-13:35:38] [I] Average on 10 runs - GPU latency: 2.56268 ms - Host latency: 2.76184 ms (enqueue 1.80865 ms)
[10/04/2026-13:35:38] [I] Average on 10 runs - GPU latency: 2.56315 ms - Host latency: 2.76113 ms (enqueue 1.78898 ms)
[10/04/2026-13:35:38] [I] Average on 10 runs - GPU latency: 2.56276 ms - Host latency: 2.76122 ms (enqueue 1.82957 ms)
[10/04/2026-13:35:38] [I] Average on 10 runs - GPU latency: 2.56184 ms - Host latency: 2.75824 ms (enqueue 1.78372 ms)
[10/04/2026-13:35:38] [I] Average on 10 runs - GPU latency: 2.56301 ms - Host latency: 2.76278 ms (enqueue 1.78218 ms)
[10/04/2026-13:35:38] [I] Average on 10 runs - GPU latency: 2.56162 ms - Host latency: 2.75811 ms (enqueue 1.79491 ms)
[10/04/2026-13:35:38] [I] Average on 10 runs - GPU latency: 2.56415 ms - Host latency: 2.7594 ms (enqueue 1.78262 ms)
[10/04/2026-13:35:38] [I] Average on 10 runs - GPU latency: 2.56251 ms - Host latency: 2.75861 ms (enqueue 1.79166 ms)
[10/04/2026-13:35:38] [I] Average on 10 runs - GPU latency: 2.56302 ms - Host latency: 2.75988 ms (enqueue 1.78831 ms)
[10/04/2026-13:35:38] [I] Average on 10 runs - GPU latency: 2.56179 ms - Host latency: 2.76008 ms (enqueue 1.79545 ms)
[10/04/2026-13:35:38] [I] Average on 10 runs - GPU latency: 2.56436 ms - Host latency: 2.75947 ms (enqueue 1.80581 ms)
[10/04/2026-13:35:38] [I] Average on 10 runs - GPU latency: 2.56229 ms - Host latency: 2.75858 ms (enqueue 1.78795 ms)
[10/04/2026-13:35:38] [I] Average on 10 runs - GPU latency: 2.5629 ms - Host latency: 2.76223 ms (enqueue 1.78745 ms)
[10/04/2026-13:35:38] [I] Average on 10 runs - GPU latency: 2.56278 ms - Host latency: 2.75895 ms (enqueue 1.79854 ms)
[10/04/2026-13:35:38] [I] Average on 10 runs - GPU latency: 2.56083 ms - Host latency: 2.75753 ms (enqueue 1.79828 ms)
[10/04/2026-13:35:38] [I] Average on 10 runs - GPU latency: 2.56505 ms - Host latency: 2.76023 ms (enqueue 1.80625 ms)
[10/04/2026-13:35:38] [I] Average on 10 runs - GPU latency: 2.56465 ms - Host latency: 2.76311 ms (enqueue 1.80059 ms)
[10/04/2026-13:35:38] [I] Average on 10 runs - GPU latency: 2.56299 ms - Host latency: 2.76101 ms (enqueue 1.78669 ms)
[10/04/2026-13:35:38] [I] Average on 10 runs - GPU latency: 2.56265 ms - Host latency: 2.75981 ms (enqueue 1.8002 ms)
[10/04/2026-13:35:38] [I] Average on 10 runs - GPU latency: 2.56198 ms - Host latency: 2.7585 ms (enqueue 1.79696 ms)
[10/04/2026-13:35:38] [I] Average on 10 runs - GPU latency: 2.56359 ms - Host latency: 2.76093 ms (enqueue 1.80266 ms)
[10/04/2026-13:35:38] [I] Average on 10 runs - GPU latency: 2.56345 ms - Host latency: 2.76007 ms (enqueue 1.79996 ms)
[10/04/2026-13:35:38] [I] Average on 10 runs - GPU latency: 2.56284 ms - Host latency: 2.75845 ms (enqueue 1.79446 ms)
[10/04/2026-13:35:38] [I] Average on 10 runs - GPU latency: 2.56387 ms - Host latency: 2.76051 ms (enqueue 1.78873 ms)
[10/04/2026-13:35:38] [I] Average on 10 runs - GPU latency: 2.56472 ms - Host latency: 2.76547 ms (enqueue 1.78614 ms)
[10/04/2026-13:35:38] [I] Average on 10 runs - GPU latency: 2.56382 ms - Host latency: 2.75861 ms (enqueue 1.80249 ms)
[10/04/2026-13:35:38] [I] Average on 10 runs - GPU latency: 2.56228 ms - Host latency: 2.75767 ms (enqueue 1.78724 ms)
[10/04/2026-13:35:38] [I] Average on 10 runs - GPU latency: 2.56193 ms - Host latency: 2.75743 ms (enqueue 1.79039 ms)
[10/04/2026-13:35:38] [I] Average on 10 runs - GPU latency: 2.5639 ms - Host latency: 2.76077 ms (enqueue 1.78875 ms)
[10/04/2026-13:35:38] [I] Average on 10 runs - GPU latency: 2.56337 ms - Host latency: 2.75891 ms (enqueue 1.79205 ms)
[10/04/2026-13:35:38] [I] Average on 10 runs - GPU latency: 2.5642 ms - Host latency: 2.76049 ms (enqueue 1.7983 ms)
[10/04/2026-13:35:38] [I] Average on 10 runs - GPU latency: 2.56191 ms - Host latency: 2.75847 ms (enqueue 1.79379 ms)
[10/04/2026-13:35:38] [I] Average on 10 runs - GPU latency: 2.56169 ms - Host latency: 2.76071 ms (enqueue 1.80223 ms)
[10/04/2026-13:35:38] [I] Average on 10 runs - GPU latency: 2.5618 ms - Host latency: 2.75999 ms (enqueue 1.78381 ms)
[10/04/2026-13:35:38] [I] Average on 10 runs - GPU latency: 2.56145 ms - Host latency: 2.75679 ms (enqueue 1.8088 ms)
[10/04/2026-13:35:38] [I] Average on 10 runs - GPU latency: 2.56191 ms - Host latency: 2.76101 ms (enqueue 1.79785 ms)
[10/04/2026-13:35:38] [I] Average on 10 runs - GPU latency: 2.56124 ms - Host latency: 2.75558 ms (enqueue 1.78248 ms)
[10/04/2026-13:35:38] [I] Average on 10 runs - GPU latency: 2.56123 ms - Host latency: 2.75818 ms (enqueue 1.80164 ms)
[10/04/2026-13:35:38] [I] Average on 10 runs - GPU latency: 2.56328 ms - Host latency: 2.76008 ms (enqueue 1.80664 ms)
[10/04/2026-13:35:38] [I] Average on 10 runs - GPU latency: 2.56218 ms - Host latency: 2.76001 ms (enqueue 1.80432 ms)
[10/04/2026-13:35:38] [I] Average on 10 runs - GPU latency: 2.56519 ms - Host latency: 2.76206 ms (enqueue 1.78828 ms)
[10/04/2026-13:35:38] [I] Average on 10 runs - GPU latency: 2.56331 ms - Host latency: 2.76113 ms (enqueue 1.80413 ms)
[10/04/2026-13:35:38] [I] Average on 10 runs - GPU latency: 2.56328 ms - Host latency: 2.76101 ms (enqueue 1.80015 ms)
[10/04/2026-13:35:38] [I] Average on 10 runs - GPU latency: 2.5627 ms - Host latency: 2.76221 ms (enqueue 1.78176 ms)
[10/04/2026-13:35:38] [I] Average on 10 runs - GPU latency: 2.56294 ms - Host latency: 2.75928 ms (enqueue 1.79575 ms)
[10/04/2026-13:35:38] [I] Average on 10 runs - GPU latency: 2.56125 ms - Host latency: 2.75886 ms (enqueue 1.80276 ms)
[10/04/2026-13:35:38] [I] Average on 10 runs - GPU latency: 2.56453 ms - Host latency: 2.76174 ms (enqueue 1.80137 ms)
[10/04/2026-13:35:38] [I] Average on 10 runs - GPU latency: 2.56406 ms - Host latency: 2.75989 ms (enqueue 1.80146 ms)
[10/04/2026-13:35:38] [I] Average on 10 runs - GPU latency: 2.56436 ms - Host latency: 2.7614 ms (enqueue 1.79856 ms)
[10/04/2026-13:35:38] [I] Average on 10 runs - GPU latency: 2.5626 ms - Host latency: 2.75898 ms (enqueue 1.80872 ms)
[10/04/2026-13:35:38] [I] Average on 10 runs - GPU latency: 2.56289 ms - Host latency: 2.76052 ms (enqueue 1.8042 ms)
[10/04/2026-13:35:38] [I] Average on 10 runs - GPU latency: 2.5623 ms - Host latency: 2.75955 ms (enqueue 1.79976 ms)
[10/04/2026-13:35:38] [I] Average on 10 runs - GPU latency: 2.56245 ms - Host latency: 2.76018 ms (enqueue 1.78679 ms)
[10/04/2026-13:35:38] [I] Average on 10 runs - GPU latency: 2.56182 ms - Host latency: 2.75657 ms (enqueue 1.79185 ms)
[10/04/2026-13:35:38] [I] Average on 10 runs - GPU latency: 2.56536 ms - Host latency: 2.76155 ms (enqueue 1.82185 ms)
[10/04/2026-13:35:38] [I] Average on 10 runs - GPU latency: 2.56216 ms - Host latency: 2.75935 ms (enqueue 1.79941 ms)
[10/04/2026-13:35:38] [I] Average on 10 runs - GPU latency: 2.56282 ms - Host latency: 2.76133 ms (enqueue 1.79412 ms)
[10/04/2026-13:35:38] [I] Average on 10 runs - GPU latency: 2.56418 ms - Host latency: 2.76006 ms (enqueue 1.80386 ms)
[10/04/2026-13:35:38] [I] Average on 10 runs - GPU latency: 2.56252 ms - Host latency: 2.76035 ms (enqueue 1.78999 ms)
[10/04/2026-13:35:38] [I] Average on 10 runs - GPU latency: 2.56401 ms - Host latency: 2.75972 ms (enqueue 1.78857 ms)
[10/04/2026-13:35:38] [I] Average on 10 runs - GPU latency: 2.56172 ms - Host latency: 2.75974 ms (enqueue 1.79229 ms)
[10/04/2026-13:35:38] [I] Average on 10 runs - GPU latency: 2.56282 ms - Host latency: 2.76086 ms (enqueue 1.80676 ms)
[10/04/2026-13:35:38] [I] Average on 10 runs - GPU latency: 2.56213 ms - Host latency: 2.76135 ms (enqueue 1.7959 ms)
[10/04/2026-13:35:38] [I] Average on 10 runs - GPU latency: 2.5623 ms - Host latency: 2.75989 ms (enqueue 1.8041 ms)
[10/04/2026-13:35:38] [I] Average on 10 runs - GPU latency: 2.56147 ms - Host latency: 2.75754 ms (enqueue 1.79165 ms)
[10/04/2026-13:35:38] [I] Average on 10 runs - GPU latency: 2.56421 ms - Host latency: 2.76033 ms (enqueue 1.79573 ms)
[10/04/2026-13:35:38] [I] Average on 10 runs - GPU latency: 2.56216 ms - Host latency: 2.76035 ms (enqueue 1.81543 ms)
[10/04/2026-13:35:38] [I] Average on 10 runs - GPU latency: 2.56077 ms - Host latency: 2.7583 ms (enqueue 1.79258 ms)
[10/04/2026-13:35:38] [I] Average on 10 runs - GPU latency: 2.56294 ms - Host latency: 2.76123 ms (enqueue 1.80334 ms)
[10/04/2026-13:35:38] [I] Average on 10 runs - GPU latency: 2.56182 ms - Host latency: 2.75776 ms (enqueue 1.78743 ms)
[10/04/2026-13:35:38] [I] Average on 10 runs - GPU latency: 2.56401 ms - Host latency: 2.76218 ms (enqueue 1.80459 ms)
[10/04/2026-13:35:38] [I] Average on 10 runs - GPU latency: 2.5627 ms - Host latency: 2.75981 ms (enqueue 1.78628 ms)
[10/04/2026-13:35:38] [I] Average on 10 runs - GPU latency: 2.56062 ms - Host latency: 2.7564 ms (enqueue 1.78953 ms)
[10/04/2026-13:35:38] [I] Average on 10 runs - GPU latency: 2.56094 ms - Host latency: 2.7574 ms (enqueue 1.7928 ms)
[10/04/2026-13:35:38] [I] Average on 10 runs - GPU latency: 2.56365 ms - Host latency: 2.76025 ms (enqueue 1.78506 ms)
[10/04/2026-13:35:38] [I] Average on 10 runs - GPU latency: 2.56296 ms - Host latency: 2.75999 ms (enqueue 1.79832 ms)
[10/04/2026-13:35:38] [I] Average on 10 runs - GPU latency: 2.56265 ms - Host latency: 2.76257 ms (enqueue 1.80588 ms)
[10/04/2026-13:35:38] [I] Average on 10 runs - GPU latency: 2.56248 ms - Host latency: 2.76008 ms (enqueue 1.79216 ms)
[10/04/2026-13:35:38] [I] Average on 10 runs - GPU latency: 2.56157 ms - Host latency: 2.75676 ms (enqueue 1.82581 ms)
[10/04/2026-13:35:38] [I] Average on 10 runs - GPU latency: 2.55901 ms - Host latency: 2.75803 ms (enqueue 1.7949 ms)
[10/04/2026-13:35:38] [I] Average on 10 runs - GPU latency: 2.56375 ms - Host latency: 2.75891 ms (enqueue 1.79836 ms)
[10/04/2026-13:35:38] [I] Average on 10 runs - GPU latency: 2.56245 ms - Host latency: 2.75801 ms (enqueue 1.79172 ms)
[10/04/2026-13:35:38] [I] Average on 10 runs - GPU latency: 2.56396 ms - Host latency: 2.75984 ms (enqueue 1.80427 ms)
[10/04/2026-13:35:38] [I] Average on 10 runs - GPU latency: 2.56401 ms - Host latency: 2.76328 ms (enqueue 1.79436 ms)
[10/04/2026-13:35:38] [I] Average on 10 runs - GPU latency: 2.56375 ms - Host latency: 2.76001 ms (enqueue 1.79507 ms)
[10/04/2026-13:35:38] [I] Average on 10 runs - GPU latency: 2.56323 ms - Host latency: 2.75918 ms (enqueue 1.80151 ms)
[10/04/2026-13:35:38] [I] Average on 10 runs - GPU latency: 2.56494 ms - Host latency: 2.76267 ms (enqueue 1.8103 ms)
[10/04/2026-13:35:38] [I] Average on 10 runs - GPU latency: 2.56299 ms - Host latency: 2.7605 ms (enqueue 1.79958 ms)
[10/04/2026-13:35:38] [I] Average on 10 runs - GPU latency: 2.56494 ms - Host latency: 2.76252 ms (enqueue 1.8002 ms)
[10/04/2026-13:35:38] [I] Average on 10 runs - GPU latency: 2.56531 ms - Host latency: 2.76099 ms (enqueue 1.79468 ms)
[10/04/2026-13:35:38] [I] Average on 10 runs - GPU latency: 2.56309 ms - Host latency: 2.76055 ms (enqueue 1.79387 ms)
[10/04/2026-13:35:38] [I] Average on 10 runs - GPU latency: 2.56335 ms - Host latency: 2.76086 ms (enqueue 1.78105 ms)
[10/04/2026-13:35:38] [I] Average on 10 runs - GPU latency: 2.56418 ms - Host latency: 2.76147 ms (enqueue 1.81399 ms)
[10/04/2026-13:35:38] [I] Average on 10 runs - GPU latency: 2.56262 ms - Host latency: 2.75984 ms (enqueue 1.79766 ms)
[10/04/2026-13:35:38] [I] Average on 10 runs - GPU latency: 2.56213 ms - Host latency: 2.76028 ms (enqueue 1.7938 ms)
[10/04/2026-13:35:38] [I] Average on 10 runs - GPU latency: 2.56145 ms - Host latency: 2.75938 ms (enqueue 1.80669 ms)
[10/04/2026-13:35:38] [I] Average on 10 runs - GPU latency: 2.56201 ms - Host latency: 2.75862 ms (enqueue 1.79001 ms)
[10/04/2026-13:35:38] [I] Average on 10 runs - GPU latency: 2.5623 ms - Host latency: 2.75916 ms (enqueue 1.79817 ms)
[10/04/2026-13:35:38] [I] Average on 10 runs - GPU latency: 2.56187 ms - Host latency: 2.75874 ms (enqueue 1.78452 ms)
[10/04/2026-13:35:38] [I] Average on 10 runs - GPU latency: 2.56252 ms - Host latency: 2.75864 ms (enqueue 1.80688 ms)
[10/04/2026-13:35:38] [I] Average on 10 runs - GPU latency: 2.56399 ms - Host latency: 2.76104 ms (enqueue 1.80239 ms)
[10/04/2026-13:35:38] [I] Average on 10 runs - GPU latency: 2.56267 ms - Host latency: 2.75886 ms (enqueue 1.78633 ms)
[10/04/2026-13:35:38] [I] Average on 10 runs - GPU latency: 2.56184 ms - Host latency: 2.75964 ms (enqueue 1.80613 ms)
[10/04/2026-13:35:38] [I] Average on 10 runs - GPU latency: 2.56125 ms - Host latency: 2.75903 ms (enqueue 1.79316 ms)
[10/04/2026-13:35:38] [I] Average on 10 runs - GPU latency: 2.56296 ms - Host latency: 2.76013 ms (enqueue 1.79983 ms)
[10/04/2026-13:35:38] [I] Average on 10 runs - GPU latency: 2.56204 ms - Host latency: 2.75791 ms (enqueue 1.79805 ms)
[10/04/2026-13:35:38] [I] Average on 10 runs - GPU latency: 2.56235 ms - Host latency: 2.75977 ms (enqueue 1.79221 ms)
[10/04/2026-13:35:38] [I] Average on 10 runs - GPU latency: 2.55911 ms - Host latency: 2.75381 ms (enqueue 1.79397 ms)
[10/04/2026-13:35:38] [I] Average on 10 runs - GPU latency: 2.5636 ms - Host latency: 2.7625 ms (enqueue 1.80632 ms)
[10/04/2026-13:35:38] [I] Average on 10 runs - GPU latency: 2.56255 ms - Host latency: 2.76089 ms (enqueue 1.8031 ms)
[10/04/2026-13:35:38] [I] Average on 10 runs - GPU latency: 2.56321 ms - Host latency: 2.76194 ms (enqueue 1.79736 ms)
[10/04/2026-13:35:38] [I] Average on 10 runs - GPU latency: 2.56243 ms - Host latency: 2.75972 ms (enqueue 1.80889 ms)
[10/04/2026-13:35:38] [I] Average on 10 runs - GPU latency: 2.56262 ms - Host latency: 2.75935 ms (enqueue 1.78752 ms)
[10/04/2026-13:35:38] [I] Average on 10 runs - GPU latency: 2.56133 ms - Host latency: 2.75842 ms (enqueue 1.798 ms)
[10/04/2026-13:35:38] [I] Average on 10 runs - GPU latency: 2.56255 ms - Host latency: 2.75864 ms (enqueue 1.79248 ms)
[10/04/2026-13:35:38] [I] Average on 10 runs - GPU latency: 2.56321 ms - Host latency: 2.75869 ms (enqueue 1.80093 ms)
[10/04/2026-13:35:38] [I] Average on 10 runs - GPU latency: 2.5627 ms - Host latency: 2.7604 ms (enqueue 1.7897 ms)
[10/04/2026-13:35:38] [I] Average on 10 runs - GPU latency: 2.56206 ms - Host latency: 2.76187 ms (enqueue 1.79907 ms)
[10/04/2026-13:35:38] [I] Average on 10 runs - GPU latency: 2.5623 ms - Host latency: 2.75864 ms (enqueue 1.79932 ms)
[10/04/2026-13:35:38] [I] Average on 10 runs - GPU latency: 2.56172 ms - Host latency: 2.75918 ms (enqueue 1.79331 ms)
[10/04/2026-13:35:38] [I] Average on 10 runs - GPU latency: 2.56064 ms - Host latency: 2.75684 ms (enqueue 1.7749 ms)
[10/04/2026-13:35:38] [I] Average on 10 runs - GPU latency: 2.56035 ms - Host latency: 2.75591 ms (enqueue 1.78809 ms)
[10/04/2026-13:35:38] [I] Average on 10 runs - GPU latency: 2.56099 ms - Host latency: 2.75723 ms (enqueue 1.80508 ms)
[10/04/2026-13:35:38] [I] Average on 10 runs - GPU latency: 2.56167 ms - Host latency: 2.7604 ms (enqueue 1.78311 ms)
[10/04/2026-13:35:38] [I] Average on 10 runs - GPU latency: 2.56025 ms - Host latency: 2.75894 ms (enqueue 1.80049 ms)
[10/04/2026-13:35:38] [I] Average on 10 runs - GPU latency: 2.56221 ms - Host latency: 2.75957 ms (enqueue 1.77349 ms)
[10/04/2026-13:35:38] [I] Average on 10 runs - GPU latency: 2.56133 ms - Host latency: 2.75693 ms (enqueue 1.80059 ms)
[10/04/2026-13:35:38] [I] Average on 10 runs - GPU latency: 2.5648 ms - Host latency: 2.76255 ms (enqueue 1.78843 ms)
[10/04/2026-13:35:38] [I] Average on 10 runs - GPU latency: 2.56675 ms - Host latency: 2.76294 ms (enqueue 1.80234 ms)
[10/04/2026-13:35:38] [I] Average on 10 runs - GPU latency: 2.56001 ms - Host latency: 2.75762 ms (enqueue 1.82129 ms)
[10/04/2026-13:35:38] [I] Average on 10 runs - GPU latency: 2.55986 ms - Host latency: 2.75869 ms (enqueue 1.79565 ms)
[10/04/2026-13:35:38] [I] Average on 10 runs - GPU latency: 2.55835 ms - Host latency: 2.75654 ms (enqueue 1.78994 ms)
[10/04/2026-13:35:38] [I] Average on 10 runs - GPU latency: 2.5604 ms - Host latency: 2.75762 ms (enqueue 1.81934 ms)
[10/04/2026-13:35:38] [I] Average on 10 runs - GPU latency: 2.55835 ms - Host latency: 2.75547 ms (enqueue 1.78862 ms)
[10/04/2026-13:35:38] [I] Average on 10 runs - GPU latency: 2.55859 ms - Host latency: 2.75762 ms (enqueue 1.80029 ms)
[10/04/2026-13:35:38] [I] Average on 10 runs - GPU latency: 2.55972 ms - Host latency: 2.75742 ms (enqueue 1.78779 ms)
[10/04/2026-13:35:38] [I] Average on 10 runs - GPU latency: 2.5585 ms - Host latency: 2.7561 ms (enqueue 1.80088 ms)
[10/04/2026-13:35:38] [I] Average on 10 runs - GPU latency: 2.55942 ms - Host latency: 2.75479 ms (enqueue 1.78066 ms)
[10/04/2026-13:35:38] [I] Average on 10 runs - GPU latency: 2.55859 ms - Host latency: 2.75444 ms (enqueue 1.82612 ms)
[10/04/2026-13:35:38] [I] Average on 10 runs - GPU latency: 2.55859 ms - Host latency: 2.75708 ms (enqueue 1.78379 ms)
[10/04/2026-13:35:38] [I] Average on 10 runs - GPU latency: 2.55815 ms - Host latency: 2.75605 ms (enqueue 1.78887 ms)
[10/04/2026-13:35:38] [I] Average on 10 runs - GPU latency: 2.55981 ms - Host latency: 2.75732 ms (enqueue 1.80669 ms)
[10/04/2026-13:35:38] [I] Average on 10 runs - GPU latency: 2.55981 ms - Host latency: 2.75977 ms (enqueue 1.81094 ms)
[10/04/2026-13:35:38] [I] Average on 10 runs - GPU latency: 2.55845 ms - Host latency: 2.75488 ms (enqueue 1.79453 ms)
[10/04/2026-13:35:38] [I] Average on 10 runs - GPU latency: 2.5585 ms - Host latency: 2.75444 ms (enqueue 1.79497 ms)
[10/04/2026-13:35:38] [I] Average on 10 runs - GPU latency: 2.5584 ms - Host latency: 2.75552 ms (enqueue 1.79551 ms)
[10/04/2026-13:35:38] [I] Average on 10 runs - GPU latency: 2.55796 ms - Host latency: 2.75376 ms (enqueue 1.7915 ms)
[10/04/2026-13:35:38] [I] Average on 10 runs - GPU latency: 2.55835 ms - Host latency: 2.7561 ms (enqueue 1.7998 ms)
[10/04/2026-13:35:38] [I] Average on 10 runs - GPU latency: 2.56108 ms - Host latency: 2.75659 ms (enqueue 1.79448 ms)
[10/04/2026-13:35:38] [I] Average on 10 runs - GPU latency: 2.55894 ms - Host latency: 2.75674 ms (enqueue 1.79731 ms)
[10/04/2026-13:35:38] [I] Average on 10 runs - GPU latency: 2.56172 ms - Host latency: 2.75952 ms (enqueue 1.79595 ms)
[10/04/2026-13:35:38] [I] Average on 10 runs - GPU latency: 2.55928 ms - Host latency: 2.75669 ms (enqueue 1.79067 ms)
[10/04/2026-13:35:38] [I] Average on 10 runs - GPU latency: 2.55938 ms - Host latency: 2.75698 ms (enqueue 1.79937 ms)
[10/04/2026-13:35:38] [I] Average on 10 runs - GPU latency: 2.55898 ms - Host latency: 2.7562 ms (enqueue 1.8084 ms)
[10/04/2026-13:35:38] [I] Average on 10 runs - GPU latency: 2.55767 ms - Host latency: 2.75679 ms (enqueue 1.78804 ms)
[10/04/2026-13:35:38] [I] Average on 10 runs - GPU latency: 2.55771 ms - Host latency: 2.75566 ms (enqueue 1.79634 ms)
[10/04/2026-13:35:38] [I] Average on 10 runs - GPU latency: 2.55933 ms - Host latency: 2.7584 ms (enqueue 1.8166 ms)
[10/04/2026-13:35:38] [I] Average on 10 runs - GPU latency: 2.5585 ms - Host latency: 2.75508 ms (enqueue 1.78662 ms)
[10/04/2026-13:35:38] [I] Average on 10 runs - GPU latency: 2.56025 ms - Host latency: 2.75854 ms (enqueue 1.80557 ms)
[10/04/2026-13:35:38] [I] Average on 10 runs - GPU latency: 2.55947 ms - Host latency: 2.75605 ms (enqueue 1.79321 ms)
[10/04/2026-13:35:38] [I] Average on 10 runs - GPU latency: 2.55898 ms - Host latency: 2.75659 ms (enqueue 1.80005 ms)
[10/04/2026-13:35:38] [I] Average on 10 runs - GPU latency: 2.55928 ms - Host latency: 2.75498 ms (enqueue 1.79756 ms)
[10/04/2026-13:35:38] [I] Average on 10 runs - GPU latency: 2.55854 ms - Host latency: 2.75498 ms (enqueue 1.8729 ms)
[10/04/2026-13:35:38] [I] Average on 10 runs - GPU latency: 2.55933 ms - Host latency: 2.75654 ms (enqueue 1.82163 ms)
[10/04/2026-13:35:38] [I] Average on 10 runs - GPU latency: 2.55723 ms - Host latency: 2.75337 ms (enqueue 1.79019 ms)
[10/04/2026-13:35:38] [I] Average on 10 runs - GPU latency: 2.56001 ms - Host latency: 2.75928 ms (enqueue 1.80127 ms)
[10/04/2026-13:35:38] [I] Average on 10 runs - GPU latency: 2.56084 ms - Host latency: 2.75742 ms (enqueue 1.78691 ms)
[10/04/2026-13:35:38] [I] Average on 10 runs - GPU latency: 2.55688 ms - Host latency: 2.75239 ms (enqueue 1.79785 ms)
[10/04/2026-13:35:38] [I] Average on 10 runs - GPU latency: 2.55815 ms - Host latency: 2.75469 ms (enqueue 1.79443 ms)
[10/04/2026-13:35:38] [I] Average on 10 runs - GPU latency: 2.55918 ms - Host latency: 2.7585 ms (enqueue 1.78989 ms)
[10/04/2026-13:35:38] [I] Average on 10 runs - GPU latency: 2.55933 ms - Host latency: 2.75864 ms (enqueue 1.79805 ms)
[10/04/2026-13:35:38] [I] Average on 10 runs - GPU latency: 2.55928 ms - Host latency: 2.75889 ms (enqueue 1.80742 ms)
[10/04/2026-13:35:38] [I] Average on 10 runs - GPU latency: 2.55679 ms - Host latency: 2.75483 ms (enqueue 1.78906 ms)
[10/04/2026-13:35:38] [I] Average on 10 runs - GPU latency: 2.55991 ms - Host latency: 2.75698 ms (enqueue 1.7959 ms)
[10/04/2026-13:35:38] [I] Average on 10 runs - GPU latency: 2.5584 ms - Host latency: 2.75513 ms (enqueue 1.79233 ms)
[10/04/2026-13:35:38] [I] Average on 10 runs - GPU latency: 2.55913 ms - Host latency: 2.75684 ms (enqueue 1.79751 ms)
[10/04/2026-13:35:38] [I] ... Omitting 3808 lines
[10/04/2026-13:35:38] [I] Average on 10 runs - GPU latency: 2.56152 ms - Host latency: 2.75986 ms (enqueue 1.79844 ms)
[10/04/2026-13:35:38] [I] Average on 10 runs - GPU latency: 2.5585 ms - Host latency: 2.75859 ms (enqueue 1.81865 ms)
[10/04/2026-13:35:38] [I] Average on 10 runs - GPU latency: 2.55967 ms - Host latency: 2.75762 ms (enqueue 1.79873 ms)
[10/04/2026-13:35:38] [I] Average on 10 runs - GPU latency: 2.56035 ms - Host latency: 2.75684 ms (enqueue 1.80088 ms)
[10/04/2026-13:35:38] [I] Average on 10 runs - GPU latency: 2.55898 ms - Host latency: 2.75791 ms (enqueue 1.7999 ms)
[10/04/2026-13:35:38] [I] Average on 10 runs - GPU latency: 2.55781 ms - Host latency: 2.75615 ms (enqueue 1.79756 ms)
[10/04/2026-13:35:38] [I] Average on 10 runs - GPU latency: 2.55908 ms - Host latency: 2.75576 ms (enqueue 1.79258 ms)
[10/04/2026-13:35:38] [I] Average on 10 runs - GPU latency: 2.55986 ms - Host latency: 2.75947 ms (enqueue 1.79238 ms)
[10/04/2026-13:35:38] [I] Average on 10 runs - GPU latency: 2.55908 ms - Host latency: 2.75713 ms (enqueue 1.82021 ms)
[10/04/2026-13:35:38] [I] Average on 10 runs - GPU latency: 2.55898 ms - Host latency: 2.75557 ms (enqueue 1.79619 ms)
[10/04/2026-13:35:38] [I] Average on 10 runs - GPU latency: 2.5582 ms - Host latency: 2.75732 ms (enqueue 1.80674 ms)
[10/04/2026-13:35:38] [I] Average on 10 runs - GPU latency: 2.55947 ms - Host latency: 2.7585 ms (enqueue 1.81045 ms)
[10/04/2026-13:35:38] [I] Average on 10 runs - GPU latency: 2.55547 ms - Host latency: 2.75225 ms (enqueue 1.80186 ms)
[10/04/2026-13:35:38] [I] Average on 10 runs - GPU latency: 2.54668 ms - Host latency: 2.71953 ms (enqueue 1.79629 ms)
[10/04/2026-13:35:38] [I] Average on 10 runs - GPU latency: 2.56035 ms - Host latency: 2.75684 ms (enqueue 1.80293 ms)
[10/04/2026-13:35:38] [I] Average on 10 runs - GPU latency: 2.55986 ms - Host latency: 2.75791 ms (enqueue 1.79766 ms)
[10/04/2026-13:35:38] [I] Average on 10 runs - GPU latency: 2.56084 ms - Host latency: 2.76123 ms (enqueue 1.81055 ms)
[10/04/2026-13:35:38] [I] Average on 10 runs - GPU latency: 2.55918 ms - Host latency: 2.75742 ms (enqueue 1.79248 ms)
[10/04/2026-13:35:38] [I] Average on 10 runs - GPU latency: 2.56055 ms - Host latency: 2.7585 ms (enqueue 1.79893 ms)
[10/04/2026-13:35:38] [I] Average on 10 runs - GPU latency: 2.55928 ms - Host latency: 2.75791 ms (enqueue 1.7959 ms)
[10/04/2026-13:35:38] [I] Average on 10 runs - GPU latency: 2.55908 ms - Host latency: 2.75781 ms (enqueue 1.79941 ms)
[10/04/2026-13:35:38] [I] Average on 10 runs - GPU latency: 2.55947 ms - Host latency: 2.7584 ms (enqueue 1.80127 ms)
[10/04/2026-13:35:38] [I] Average on 10 runs - GPU latency: 2.55781 ms - Host latency: 2.75508 ms (enqueue 1.80752 ms)
[10/04/2026-13:35:38] [I] Average on 10 runs - GPU latency: 2.55938 ms - Host latency: 2.75811 ms (enqueue 1.79932 ms)
[10/04/2026-13:35:38] [I] Average on 10 runs - GPU latency: 2.56006 ms - Host latency: 2.75889 ms (enqueue 1.79854 ms)
[10/04/2026-13:35:38] [I] Average on 10 runs - GPU latency: 2.56035 ms - Host latency: 2.75811 ms (enqueue 1.79258 ms)
[10/04/2026-13:35:38] [I] Average on 10 runs - GPU latency: 2.55967 ms - Host latency: 2.75908 ms (enqueue 1.80303 ms)
[10/04/2026-13:35:38] [I] Average on 10 runs - GPU latency: 2.56104 ms - Host latency: 2.75859 ms (enqueue 1.79346 ms)
[10/04/2026-13:35:38] [I] Average on 10 runs - GPU latency: 2.55957 ms - Host latency: 2.75791 ms (enqueue 1.79697 ms)
[10/04/2026-13:35:38] [I] Average on 10 runs - GPU latency: 2.56006 ms - Host latency: 2.7585 ms (enqueue 1.80313 ms)
[10/04/2026-13:35:38] [I] Average on 10 runs - GPU latency: 2.55938 ms - Host latency: 2.75645 ms (enqueue 1.79121 ms)
[10/04/2026-13:35:38] [I] Average on 10 runs - GPU latency: 2.55967 ms - Host latency: 2.75771 ms (enqueue 1.80166 ms)
[10/04/2026-13:35:38] [I] Average on 10 runs - GPU latency: 2.55908 ms - Host latency: 2.75645 ms (enqueue 1.80205 ms)
[10/04/2026-13:35:38] [I] Average on 10 runs - GPU latency: 2.55869 ms - Host latency: 2.75713 ms (enqueue 1.80762 ms)
[10/04/2026-13:35:38] [I] Average on 10 runs - GPU latency: 2.55889 ms - Host latency: 2.75713 ms (enqueue 1.80811 ms)
[10/04/2026-13:35:38] [I] Average on 10 runs - GPU latency: 2.55986 ms - Host latency: 2.76045 ms (enqueue 1.80098 ms)
[10/04/2026-13:35:38] [I] Average on 10 runs - GPU latency: 2.55811 ms - Host latency: 2.75586 ms (enqueue 1.80684 ms)
[10/04/2026-13:35:38] [I] Average on 10 runs - GPU latency: 2.55928 ms - Host latency: 2.75566 ms (enqueue 1.78916 ms)
[10/04/2026-13:35:38] [I] Average on 10 runs - GPU latency: 2.56006 ms - Host latency: 2.7584 ms (enqueue 1.80146 ms)
[10/04/2026-13:35:38] [I] Average on 10 runs - GPU latency: 2.55986 ms - Host latency: 2.75684 ms (enqueue 1.81357 ms)
[10/04/2026-13:35:38] [I] Average on 10 runs - GPU latency: 2.55918 ms - Host latency: 2.75586 ms (enqueue 1.80332 ms)
[10/04/2026-13:35:38] [I] Average on 10 runs - GPU latency: 2.55762 ms - Host latency: 2.75527 ms (enqueue 1.82324 ms)
[10/04/2026-13:35:38] [I] Average on 10 runs - GPU latency: 2.55723 ms - Host latency: 2.75703 ms (enqueue 1.78965 ms)
[10/04/2026-13:35:38] [I] Average on 10 runs - GPU latency: 2.55957 ms - Host latency: 2.75723 ms (enqueue 1.79922 ms)
[10/04/2026-13:35:38] [I] Average on 10 runs - GPU latency: 2.55605 ms - Host latency: 2.75332 ms (enqueue 1.80098 ms)
[10/04/2026-13:35:38] [I] Average on 10 runs - GPU latency: 2.5584 ms - Host latency: 2.75391 ms (enqueue 1.85391 ms)
[10/04/2026-13:35:38] [I] Average on 10 runs - GPU latency: 2.55977 ms - Host latency: 2.75684 ms (enqueue 1.7957 ms)
[10/04/2026-13:35:38] [I] Average on 10 runs - GPU latency: 2.5584 ms - Host latency: 2.75527 ms (enqueue 1.7918 ms)
[10/04/2026-13:35:38] [I] Average on 10 runs - GPU latency: 2.5582 ms - Host latency: 2.7543 ms (enqueue 1.80527 ms)
[10/04/2026-13:35:38] [I] Average on 10 runs - GPU latency: 2.5584 ms - Host latency: 2.75605 ms (enqueue 1.79863 ms)
[10/04/2026-13:35:38] [I] Average on 10 runs - GPU latency: 2.5582 ms - Host latency: 2.75508 ms (enqueue 1.81016 ms)
[10/04/2026-13:35:38] [I] Average on 10 runs - GPU latency: 2.55859 ms - Host latency: 2.75605 ms (enqueue 1.80391 ms)
[10/04/2026-13:35:38] [I] Average on 10 runs - GPU latency: 2.55879 ms - Host latency: 2.75469 ms (enqueue 1.79297 ms)
[10/04/2026-13:35:38] [I] Average on 10 runs - GPU latency: 2.55781 ms - Host latency: 2.75684 ms (enqueue 1.7916 ms)
[10/04/2026-13:35:38] [I] Average on 10 runs - GPU latency: 2.56055 ms - Host latency: 2.75605 ms (enqueue 1.79336 ms)
[10/04/2026-13:35:38] [I] Average on 10 runs - GPU latency: 2.55859 ms - Host latency: 2.75469 ms (enqueue 1.80078 ms)
[10/04/2026-13:35:38] [I] Average on 10 runs - GPU latency: 2.55996 ms - Host latency: 2.75449 ms (enqueue 1.81855 ms)
[10/04/2026-13:35:38] [I] Average on 10 runs - GPU latency: 2.56191 ms - Host latency: 2.75879 ms (enqueue 1.7998 ms)
[10/04/2026-13:35:38] [I] Average on 10 runs - GPU latency: 2.55918 ms - Host latency: 2.75547 ms (enqueue 1.79766 ms)
[10/04/2026-13:35:38] [I] Average on 10 runs - GPU latency: 2.5582 ms - Host latency: 2.75645 ms (enqueue 1.7918 ms)
[10/04/2026-13:35:38] [I] Average on 10 runs - GPU latency: 2.55781 ms - Host latency: 2.75312 ms (enqueue 1.8041 ms)
[10/04/2026-13:35:38] [I] Average on 10 runs - GPU latency: 2.56016 ms - Host latency: 2.75762 ms (enqueue 1.80859 ms)
[10/04/2026-13:35:38] [I] Average on 10 runs - GPU latency: 2.55723 ms - Host latency: 2.75527 ms (enqueue 1.79902 ms)
[10/04/2026-13:35:38] [I] Average on 10 runs - GPU latency: 2.5582 ms - Host latency: 2.75625 ms (enqueue 1.80469 ms)
[10/04/2026-13:35:38] [I] Average on 10 runs - GPU latency: 2.5582 ms - Host latency: 2.75684 ms (enqueue 1.79102 ms)
[10/04/2026-13:35:38] [I] Average on 10 runs - GPU latency: 2.55762 ms - Host latency: 2.75273 ms (enqueue 1.79961 ms)
[10/04/2026-13:35:38] [I] Average on 10 runs - GPU latency: 2.56055 ms - Host latency: 2.75742 ms (enqueue 1.81348 ms)
[10/04/2026-13:35:38] [I] Average on 10 runs - GPU latency: 2.56035 ms - Host latency: 2.75488 ms (enqueue 1.79297 ms)
[10/04/2026-13:35:38] [I] Average on 10 runs - GPU latency: 2.55879 ms - Host latency: 2.75801 ms (enqueue 1.8082 ms)
[10/04/2026-13:35:38] [I] Average on 10 runs - GPU latency: 2.55996 ms - Host latency: 2.75645 ms (enqueue 1.79707 ms)
[10/04/2026-13:35:38] [I] Average on 10 runs - GPU latency: 2.55625 ms - Host latency: 2.75273 ms (enqueue 1.80254 ms)
[10/04/2026-13:35:38] [I] Average on 10 runs - GPU latency: 2.55781 ms - Host latency: 2.75586 ms (enqueue 1.80293 ms)
[10/04/2026-13:35:38] [I] Average on 10 runs - GPU latency: 2.5584 ms - Host latency: 2.75586 ms (enqueue 1.78672 ms)
[10/04/2026-13:35:38] [I] Average on 10 runs - GPU latency: 2.55879 ms - Host latency: 2.75625 ms (enqueue 1.80781 ms)
[10/04/2026-13:35:38] [I] Average on 10 runs - GPU latency: 2.5582 ms - Host latency: 2.75527 ms (enqueue 1.79277 ms)
[10/04/2026-13:35:38] [I] Average on 10 runs - GPU latency: 2.5584 ms - Host latency: 2.75703 ms (enqueue 1.8166 ms)
[10/04/2026-13:35:38] [I] Average on 10 runs - GPU latency: 2.56172 ms - Host latency: 2.75879 ms (enqueue 1.79883 ms)
[10/04/2026-13:35:38] [I] Average on 10 runs - GPU latency: 2.5584 ms - Host latency: 2.75352 ms (enqueue 1.79141 ms)
[10/04/2026-13:35:38] [I] Average on 10 runs - GPU latency: 2.55762 ms - Host latency: 2.75527 ms (enqueue 1.80762 ms)
[10/04/2026-13:35:38] [I] Average on 10 runs - GPU latency: 2.55918 ms - Host latency: 2.75664 ms (enqueue 1.78809 ms)
[10/04/2026-13:35:38] [I] Average on 10 runs - GPU latency: 2.55859 ms - Host latency: 2.75527 ms (enqueue 1.80781 ms)
[10/04/2026-13:35:38] [I] Average on 10 runs - GPU latency: 2.56035 ms - Host latency: 2.75781 ms (enqueue 1.81309 ms)
[10/04/2026-13:35:38] [I] Average on 10 runs - GPU latency: 2.55723 ms - Host latency: 2.75449 ms (enqueue 1.79473 ms)
[10/04/2026-13:35:38] [I] Average on 10 runs - GPU latency: 2.55938 ms - Host latency: 2.75703 ms (enqueue 1.79512 ms)
[10/04/2026-13:35:38] [I] Average on 10 runs - GPU latency: 2.55742 ms - Host latency: 2.75742 ms (enqueue 1.81973 ms)
[10/04/2026-13:35:38] [I] Average on 10 runs - GPU latency: 2.55703 ms - Host latency: 2.75352 ms (enqueue 1.80703 ms)
[10/04/2026-13:35:38] [I] Average on 10 runs - GPU latency: 2.55801 ms - Host latency: 2.75547 ms (enqueue 1.79277 ms)
[10/04/2026-13:35:38] [I] Average on 10 runs - GPU latency: 2.55938 ms - Host latency: 2.75723 ms (enqueue 1.79102 ms)
[10/04/2026-13:35:38] [I] Average on 10 runs - GPU latency: 2.55879 ms - Host latency: 2.75625 ms (enqueue 1.79336 ms)
[10/04/2026-13:35:38] [I] Average on 10 runs - GPU latency: 2.55801 ms - Host latency: 2.75234 ms (enqueue 1.7918 ms)
[10/04/2026-13:35:38] [I] Average on 10 runs - GPU latency: 2.55918 ms - Host latency: 2.75586 ms (enqueue 1.79922 ms)
[10/04/2026-13:35:38] [I] Average on 10 runs - GPU latency: 2.55723 ms - Host latency: 2.75352 ms (enqueue 1.79316 ms)
[10/04/2026-13:35:38] [I] Average on 10 runs - GPU latency: 2.55703 ms - Host latency: 2.75371 ms (enqueue 1.7877 ms)
[10/04/2026-13:35:38] [I] Average on 10 runs - GPU latency: 2.55801 ms - Host latency: 2.75625 ms (enqueue 1.79707 ms)
[10/04/2026-13:35:38] [I] Average on 10 runs - GPU latency: 2.55801 ms - Host latency: 2.75566 ms (enqueue 1.80332 ms)
[10/04/2026-13:35:38] [I] Average on 10 runs - GPU latency: 2.56055 ms - Host latency: 2.75762 ms (enqueue 1.79746 ms)
[10/04/2026-13:35:38] [I] Average on 10 runs - GPU latency: 2.55918 ms - Host latency: 2.75469 ms (enqueue 1.78965 ms)
[10/04/2026-13:35:38] [I] Average on 10 runs - GPU latency: 2.56016 ms - Host latency: 2.75918 ms (enqueue 1.7834 ms)
[10/04/2026-13:35:38] [I] Average on 10 runs - GPU latency: 2.56055 ms - Host latency: 2.75723 ms (enqueue 1.81055 ms)
[10/04/2026-13:35:38] [I] Average on 10 runs - GPU latency: 2.55801 ms - Host latency: 2.75527 ms (enqueue 1.79375 ms)
[10/04/2026-13:35:38] [I] Average on 10 runs - GPU latency: 2.55801 ms - Host latency: 2.75723 ms (enqueue 1.81055 ms)
[10/04/2026-13:35:38] [I] Average on 10 runs - GPU latency: 2.55742 ms - Host latency: 2.7541 ms (enqueue 1.79199 ms)
[10/04/2026-13:35:38] [I] Average on 10 runs - GPU latency: 2.56055 ms - Host latency: 2.75957 ms (enqueue 1.79336 ms)
[10/04/2026-13:35:38] [I] Average on 10 runs - GPU latency: 2.55859 ms - Host latency: 2.75625 ms (enqueue 1.81211 ms)
[10/04/2026-13:35:38] [I] Average on 10 runs - GPU latency: 2.55801 ms - Host latency: 2.7541 ms (enqueue 1.79863 ms)
[10/04/2026-13:35:38] [I] Average on 10 runs - GPU latency: 2.56191 ms - Host latency: 2.75938 ms (enqueue 1.80566 ms)
[10/04/2026-13:35:38] [I] Average on 10 runs - GPU latency: 2.55898 ms - Host latency: 2.75566 ms (enqueue 1.78926 ms)
[10/04/2026-13:35:38] [I] Average on 10 runs - GPU latency: 2.55859 ms - Host latency: 2.75605 ms (enqueue 1.78906 ms)
[10/04/2026-13:35:38] [I] Average on 10 runs - GPU latency: 2.56055 ms - Host latency: 2.75859 ms (enqueue 1.80586 ms)
[10/04/2026-13:35:38] [I] Average on 10 runs - GPU latency: 2.55879 ms - Host latency: 2.75781 ms (enqueue 1.80117 ms)
[10/04/2026-13:35:38] [I] Average on 10 runs - GPU latency: 2.55801 ms - Host latency: 2.75547 ms (enqueue 1.78066 ms)
[10/04/2026-13:35:38] [I] Average on 10 runs - GPU latency: 2.55938 ms - Host latency: 2.75586 ms (enqueue 1.78926 ms)
[10/04/2026-13:35:38] [I] Average on 10 runs - GPU latency: 2.56133 ms - Host latency: 2.75742 ms (enqueue 1.78945 ms)
[10/04/2026-13:35:38] [I] Average on 10 runs - GPU latency: 2.56016 ms - Host latency: 2.75742 ms (enqueue 1.80215 ms)
[10/04/2026-13:35:38] [I] Average on 10 runs - GPU latency: 2.55762 ms - Host latency: 2.75293 ms (enqueue 1.78984 ms)
[10/04/2026-13:35:38] [I] Average on 10 runs - GPU latency: 2.56016 ms - Host latency: 2.75898 ms (enqueue 1.80527 ms)
[10/04/2026-13:35:38] [I] Average on 10 runs - GPU latency: 2.55742 ms - Host latency: 2.75508 ms (enqueue 1.7918 ms)
[10/04/2026-13:35:38] [I] Average on 10 runs - GPU latency: 2.55703 ms - Host latency: 2.75293 ms (enqueue 1.79922 ms)
[10/04/2026-13:35:38] [I] Average on 10 runs - GPU latency: 2.56074 ms - Host latency: 2.75859 ms (enqueue 1.81055 ms)
[10/04/2026-13:35:38] [I] Average on 10 runs - GPU latency: 2.55664 ms - Host latency: 2.7582 ms (enqueue 1.79609 ms)
[10/04/2026-13:35:38] [I] Average on 10 runs - GPU latency: 2.55703 ms - Host latency: 2.75293 ms (enqueue 1.7959 ms)
[10/04/2026-13:35:38] [I] Average on 10 runs - GPU latency: 2.56074 ms - Host latency: 2.75918 ms (enqueue 1.80469 ms)
[10/04/2026-13:35:38] [I] Average on 10 runs - GPU latency: 2.5584 ms - Host latency: 2.75723 ms (enqueue 1.80234 ms)
[10/04/2026-13:35:38] [I] Average on 10 runs - GPU latency: 2.5584 ms - Host latency: 2.75645 ms (enqueue 1.80938 ms)
[10/04/2026-13:35:38] [I] Average on 10 runs - GPU latency: 2.55723 ms - Host latency: 2.75391 ms (enqueue 1.7834 ms)
[10/04/2026-13:35:38] [I] Average on 10 runs - GPU latency: 2.5582 ms - Host latency: 2.75645 ms (enqueue 1.79902 ms)
[10/04/2026-13:35:38] [I] Average on 10 runs - GPU latency: 2.55938 ms - Host latency: 2.75762 ms (enqueue 1.80664 ms)
[10/04/2026-13:35:38] [I] Average on 10 runs - GPU latency: 2.5584 ms - Host latency: 2.7543 ms (enqueue 1.81133 ms)
[10/04/2026-13:35:38] [I] Average on 10 runs - GPU latency: 2.5582 ms - Host latency: 2.75605 ms (enqueue 1.79941 ms)
[10/04/2026-13:35:38] [I] Average on 10 runs - GPU latency: 2.5584 ms - Host latency: 2.75508 ms (enqueue 1.80117 ms)
[10/04/2026-13:35:38] [I] Average on 10 runs - GPU latency: 2.5584 ms - Host latency: 2.75723 ms (enqueue 1.7873 ms)
[10/04/2026-13:35:38] [I] Average on 10 runs - GPU latency: 2.55898 ms - Host latency: 2.75488 ms (enqueue 1.79727 ms)
[10/04/2026-13:35:38] [I] Average on 10 runs - GPU latency: 2.55742 ms - Host latency: 2.75605 ms (enqueue 1.7998 ms)
[10/04/2026-13:35:38] [I] Average on 10 runs - GPU latency: 2.55859 ms - Host latency: 2.75625 ms (enqueue 1.79688 ms)
[10/04/2026-13:35:38] [I] Average on 10 runs - GPU latency: 2.55879 ms - Host latency: 2.75586 ms (enqueue 1.80332 ms)
[10/04/2026-13:35:38] [I] Average on 10 runs - GPU latency: 2.55938 ms - Host latency: 2.75527 ms (enqueue 1.79902 ms)
[10/04/2026-13:35:38] [I] Average on 10 runs - GPU latency: 2.56055 ms - Host latency: 2.75879 ms (enqueue 1.80781 ms)
[10/04/2026-13:35:38] [I] Average on 10 runs - GPU latency: 2.55801 ms - Host latency: 2.75605 ms (enqueue 1.80703 ms)
[10/04/2026-13:35:38] [I] Average on 10 runs - GPU latency: 2.56016 ms - Host latency: 2.7582 ms (enqueue 1.80957 ms)
[10/04/2026-13:35:38] [I] Average on 10 runs - GPU latency: 2.5582 ms - Host latency: 2.75566 ms (enqueue 1.80098 ms)
[10/04/2026-13:35:38] [I] Average on 10 runs - GPU latency: 2.55762 ms - Host latency: 2.75215 ms (enqueue 1.79648 ms)
[10/04/2026-13:35:38] [I] Average on 10 runs - GPU latency: 2.55918 ms - Host latency: 2.75723 ms (enqueue 1.78984 ms)
[10/04/2026-13:35:38] [I] Average on 10 runs - GPU latency: 2.55684 ms - Host latency: 2.75254 ms (enqueue 1.79199 ms)
[10/04/2026-13:35:38] [I] Average on 10 runs - GPU latency: 2.55859 ms - Host latency: 2.75645 ms (enqueue 1.80449 ms)
[10/04/2026-13:35:38] [I] Average on 10 runs - GPU latency: 2.55625 ms - Host latency: 2.75156 ms (enqueue 1.79297 ms)
[10/04/2026-13:35:38] [I] Average on 10 runs - GPU latency: 2.5582 ms - Host latency: 2.75625 ms (enqueue 1.81309 ms)
[10/04/2026-13:35:38] [I] Average on 10 runs - GPU latency: 2.55957 ms - Host latency: 2.75488 ms (enqueue 1.79082 ms)
[10/04/2026-13:35:38] [I] Average on 10 runs - GPU latency: 2.55898 ms - Host latency: 2.75801 ms (enqueue 1.8209 ms)
[10/04/2026-13:35:38] [I] Average on 10 runs - GPU latency: 2.55723 ms - Host latency: 2.75098 ms (enqueue 1.78945 ms)
[10/04/2026-13:35:38] [I] Average on 10 runs - GPU latency: 2.55762 ms - Host latency: 2.75566 ms (enqueue 1.79473 ms)
[10/04/2026-13:35:38] [I] Average on 10 runs - GPU latency: 2.55898 ms - Host latency: 2.7541 ms (enqueue 1.79316 ms)
[10/04/2026-13:35:38] [I] Average on 10 runs - GPU latency: 2.55762 ms - Host latency: 2.75547 ms (enqueue 1.78613 ms)
[10/04/2026-13:35:38] [I] Average on 10 runs - GPU latency: 2.56113 ms - Host latency: 2.75938 ms (enqueue 1.81699 ms)
[10/04/2026-13:35:38] [I] Average on 10 runs - GPU latency: 2.5584 ms - Host latency: 2.75566 ms (enqueue 1.78164 ms)
[10/04/2026-13:35:38] [I] Average on 10 runs - GPU latency: 2.56016 ms - Host latency: 2.75723 ms (enqueue 1.79844 ms)
[10/04/2026-13:35:38] [I] Average on 10 runs - GPU latency: 2.55977 ms - Host latency: 2.75527 ms (enqueue 1.79434 ms)
[10/04/2026-13:35:38] [I] Average on 10 runs - GPU latency: 2.55918 ms - Host latency: 2.75527 ms (enqueue 1.80273 ms)
[10/04/2026-13:35:38] [I] Average on 10 runs - GPU latency: 2.55879 ms - Host latency: 2.75762 ms (enqueue 1.79102 ms)
[10/04/2026-13:35:38] [I] Average on 10 runs - GPU latency: 2.55996 ms - Host latency: 2.75684 ms (enqueue 1.79043 ms)
[10/04/2026-13:35:38] [I] Average on 10 runs - GPU latency: 2.55664 ms - Host latency: 2.75449 ms (enqueue 1.78828 ms)
[10/04/2026-13:35:38] [I] Average on 10 runs - GPU latency: 2.55898 ms - Host latency: 2.75449 ms (enqueue 1.79688 ms)
[10/04/2026-13:35:38] [I] Average on 10 runs - GPU latency: 2.55723 ms - Host latency: 2.75449 ms (enqueue 1.80469 ms)
[10/04/2026-13:35:38] [I] Average on 10 runs - GPU latency: 2.56113 ms - Host latency: 2.75762 ms (enqueue 1.78965 ms)
[10/04/2026-13:35:38] [I] Average on 10 runs - GPU latency: 2.55977 ms - Host latency: 2.75703 ms (enqueue 1.78965 ms)
[10/04/2026-13:35:38] [I] Average on 10 runs - GPU latency: 2.55977 ms - Host latency: 2.75566 ms (enqueue 1.79414 ms)
[10/04/2026-13:35:38] [I] Average on 10 runs - GPU latency: 2.55918 ms - Host latency: 2.75605 ms (enqueue 1.81172 ms)
[10/04/2026-13:35:38] [I] Average on 10 runs - GPU latency: 2.56543 ms - Host latency: 2.76406 ms (enqueue 1.78535 ms)
[10/04/2026-13:35:38] [I] Average on 10 runs - GPU latency: 2.5582 ms - Host latency: 2.75547 ms (enqueue 1.79707 ms)
[10/04/2026-13:35:38] [I] Average on 10 runs - GPU latency: 2.5582 ms - Host latency: 2.75547 ms (enqueue 1.78633 ms)
[10/04/2026-13:35:38] [I] Average on 10 runs - GPU latency: 2.55879 ms - Host latency: 2.75664 ms (enqueue 1.81094 ms)
[10/04/2026-13:35:38] [I] Average on 10 runs - GPU latency: 2.55898 ms - Host latency: 2.75723 ms (enqueue 1.79414 ms)
[10/04/2026-13:35:38] [I] Average on 10 runs - GPU latency: 2.55977 ms - Host latency: 2.75742 ms (enqueue 1.7959 ms)
[10/04/2026-13:35:38] [I] Average on 10 runs - GPU latency: 2.55957 ms - Host latency: 2.75645 ms (enqueue 1.79883 ms)
[10/04/2026-13:35:38] [I] Average on 10 runs - GPU latency: 2.55781 ms - Host latency: 2.75527 ms (enqueue 1.79375 ms)
[10/04/2026-13:35:38] [I] Average on 10 runs - GPU latency: 2.55918 ms - Host latency: 2.75703 ms (enqueue 1.80566 ms)
[10/04/2026-13:35:38] [I] Average on 10 runs - GPU latency: 2.55879 ms - Host latency: 2.75703 ms (enqueue 1.81133 ms)
[10/04/2026-13:35:38] [I] Average on 10 runs - GPU latency: 2.55742 ms - Host latency: 2.75371 ms (enqueue 1.7916 ms)
[10/04/2026-13:35:38] [I] Average on 10 runs - GPU latency: 2.55879 ms - Host latency: 2.75547 ms (enqueue 1.79707 ms)
[10/04/2026-13:35:38] [I] Average on 10 runs - GPU latency: 2.55977 ms - Host latency: 2.75938 ms (enqueue 1.80566 ms)
[10/04/2026-13:35:38] [I] Average on 10 runs - GPU latency: 2.56055 ms - Host latency: 2.75566 ms (enqueue 1.79316 ms)
[10/04/2026-13:35:38] [I] Average on 10 runs - GPU latency: 2.55977 ms - Host latency: 2.75801 ms (enqueue 1.79414 ms)
[10/04/2026-13:35:38] [I] Average on 10 runs - GPU latency: 2.5584 ms - Host latency: 2.75625 ms (enqueue 1.78965 ms)
[10/04/2026-13:35:38] [I] Average on 10 runs - GPU latency: 2.55898 ms - Host latency: 2.75762 ms (enqueue 1.79824 ms)
[10/04/2026-13:35:38] [I] Average on 10 runs - GPU latency: 2.55898 ms - Host latency: 2.75898 ms (enqueue 1.80898 ms)
[10/04/2026-13:35:38] [I] Average on 10 runs - GPU latency: 2.55742 ms - Host latency: 2.7543 ms (enqueue 1.8082 ms)
[10/04/2026-13:35:38] [I] Average on 10 runs - GPU latency: 2.55703 ms - Host latency: 2.75469 ms (enqueue 1.79434 ms)
[10/04/2026-13:35:38] [I] Average on 10 runs - GPU latency: 2.55938 ms - Host latency: 2.75625 ms (enqueue 1.7918 ms)
[10/04/2026-13:35:38] [I] Average on 10 runs - GPU latency: 2.55957 ms - Host latency: 2.75664 ms (enqueue 1.80957 ms)
[10/04/2026-13:35:38] [I] Average on 10 runs - GPU latency: 2.55918 ms - Host latency: 2.75547 ms (enqueue 1.79629 ms)
[10/04/2026-13:35:38] [I] Average on 10 runs - GPU latency: 2.55879 ms - Host latency: 2.7584 ms (enqueue 1.80371 ms)
[10/04/2026-13:35:38] [I] Average on 10 runs - GPU latency: 2.55859 ms - Host latency: 2.75566 ms (enqueue 1.79512 ms)
[10/04/2026-13:35:38] [I] Average on 10 runs - GPU latency: 2.55723 ms - Host latency: 2.75645 ms (enqueue 1.79883 ms)
[10/04/2026-13:35:38] [I] Average on 10 runs - GPU latency: 2.55977 ms - Host latency: 2.75605 ms (enqueue 1.79902 ms)
[10/04/2026-13:35:38] [I] Average on 10 runs - GPU latency: 2.56191 ms - Host latency: 2.75938 ms (enqueue 1.80449 ms)
[10/04/2026-13:35:38] [I] Average on 10 runs - GPU latency: 2.5584 ms - Host latency: 2.75645 ms (enqueue 1.7959 ms)
[10/04/2026-13:35:38] [I] Average on 10 runs - GPU latency: 2.56035 ms - Host latency: 2.75664 ms (enqueue 1.79941 ms)
[10/04/2026-13:35:38] [I] Average on 10 runs - GPU latency: 2.55703 ms - Host latency: 2.75312 ms (enqueue 1.79277 ms)
[10/04/2026-13:35:38] [I] Average on 10 runs - GPU latency: 2.55977 ms - Host latency: 2.75859 ms (enqueue 1.79629 ms)
[10/04/2026-13:35:38] [I] Average on 10 runs - GPU latency: 2.55898 ms - Host latency: 2.75742 ms (enqueue 1.80215 ms)
[10/04/2026-13:35:38] [I] Average on 10 runs - GPU latency: 2.55801 ms - Host latency: 2.7502 ms (enqueue 1.8002 ms)
[10/04/2026-13:35:38] [I] 
[10/04/2026-13:35:38] [I] === Performance summary ===
[10/04/2026-13:35:38] [I] Throughput: 390.282 qps
[10/04/2026-13:35:38] [I] Latency: min = 2.68945 ms, max = 2.80273 ms, mean = 2.75549 ms, median = 2.75684 ms, percentile(90%) = 2.76416 ms, percentile(95%) = 2.7666 ms, percentile(99%) = 2.77148 ms
[10/04/2026-13:35:38] [I] Enqueue Time: min = 1.73975 ms, max = 2.33789 ms, mean = 1.79902 ms, median = 1.78906 ms, percentile(90%) = 1.83984 ms, percentile(95%) = 1.86035 ms, percentile(99%) = 1.90381 ms
[10/04/2026-13:35:38] [I] H2D Latency: min = 0.141602 ms, max = 0.209961 ms, mean = 0.181763 ms, median = 0.182617 ms, percentile(90%) = 0.185547 ms, percentile(95%) = 0.186523 ms, percentile(99%) = 0.192383 ms
[10/04/2026-13:35:38] [I] GPU Compute Time: min = 2.51562 ms, max = 2.5957 ms, mean = 2.55911 ms, median = 2.55957 ms, percentile(90%) = 2.56543 ms, percentile(95%) = 2.56689 ms, percentile(99%) = 2.57007 ms
[10/04/2026-13:35:38] [I] D2H Latency: min = 0.00585938 ms, max = 0.0229492 ms, mean = 0.0146099 ms, median = 0.0141602 ms, percentile(90%) = 0.0185547 ms, percentile(95%) = 0.0195312 ms, percentile(99%) = 0.0205078 ms
[10/04/2026-13:35:38] [I] Total Host Walltime: 20.006 s
[10/04/2026-13:35:38] [I] Total GPU Compute Time: 19.9816 s
[10/04/2026-13:35:38] [I] Explanations of the performance metrics are printed in the verbose logs.
[10/04/2026-13:35:38] [I] 
&&&& PASSED TensorRT.trtexec [TensorRT v100300] # /usr/src/tensorrt/bin/trtexec --loadEngine=engines/20260922-yolov8n-640-s2-384x640-fp16.engine --duration=20 --warmUp=500 --avgRuns=10
